Product: MDK-ARM Standard 5.10
Component: ARM Compiler 5.04 update 1 (build 49)
Tool: armlink [5040049]

==============================================================================

Section Cross References

    startup_stm32f030x8.o(RESET) refers to startup_stm32f030x8.o(STACK) for __initial_sp
    startup_stm32f030x8.o(RESET) refers to startup_stm32f030x8.o(.text) for Reset_Handler
    startup_stm32f030x8.o(RESET) refers to stm32f0xx_it.o(i.NMI_Handler) for NMI_Handler
    startup_stm32f030x8.o(RESET) refers to stm32f0xx_it.o(i.HardFault_Handler) for HardFault_Handler
    startup_stm32f030x8.o(RESET) refers to stm32f0xx_it.o(i.SVC_Handler) for SVC_Handler
    startup_stm32f030x8.o(RESET) refers to stm32f0xx_it.o(i.PendSV_Handler) for PendSV_Handler
    startup_stm32f030x8.o(RESET) refers to stm32f0xx_it.o(i.SysTick_Handler) for SysTick_Handler
    startup_stm32f030x8.o(RESET) refers to stm32f0xx_it.o(i.TIM3_IRQHandler) for TIM3_IRQHandler
    startup_stm32f030x8.o(.text) refers to system_stm32f0xx.o(i.SystemInit) for SystemInit
    startup_stm32f030x8.o(.text) refers to entry.o(.ARM.Collect$$$$00000000) for __main
    stm32f0308_discovery.o(i.STM_EVAL_LEDInit) refers to stm32f0xx_rcc.o(i.RCC_AHBPeriphClockCmd) for RCC_AHBPeriphClockCmd
    stm32f0308_discovery.o(i.STM_EVAL_LEDInit) refers to stm32f0xx_gpio.o(i.GPIO_Init) for GPIO_Init
    stm32f0308_discovery.o(i.STM_EVAL_LEDInit) refers to stm32f0308_discovery.o(.constdata) for GPIO_CLK
    stm32f0308_discovery.o(i.STM_EVAL_LEDInit) refers to stm32f0308_discovery.o(.data) for GPIO_PORT
    stm32f0308_discovery.o(i.STM_EVAL_LEDOff) refers to stm32f0308_discovery.o(.constdata) for GPIO_PIN
    stm32f0308_discovery.o(i.STM_EVAL_LEDOff) refers to stm32f0308_discovery.o(.data) for GPIO_PORT
    stm32f0308_discovery.o(i.STM_EVAL_LEDOn) refers to stm32f0308_discovery.o(.constdata) for GPIO_PIN
    stm32f0308_discovery.o(i.STM_EVAL_LEDOn) refers to stm32f0308_discovery.o(.data) for GPIO_PORT
    stm32f0308_discovery.o(i.STM_EVAL_LEDToggle) refers to stm32f0308_discovery.o(.data) for GPIO_PORT
    stm32f0308_discovery.o(i.STM_EVAL_LEDToggle) refers to stm32f0308_discovery.o(.constdata) for GPIO_PIN
    stm32f0308_discovery.o(i.STM_EVAL_PBGetState) refers to stm32f0xx_gpio.o(i.GPIO_ReadInputDataBit) for GPIO_ReadInputDataBit
    stm32f0308_discovery.o(i.STM_EVAL_PBGetState) refers to stm32f0308_discovery.o(.constdata) for BUTTON_PIN
    stm32f0308_discovery.o(i.STM_EVAL_PBGetState) refers to stm32f0308_discovery.o(.data) for BUTTON_PORT
    stm32f0308_discovery.o(i.STM_EVAL_PBInit) refers to stm32f0xx_rcc.o(i.RCC_AHBPeriphClockCmd) for RCC_AHBPeriphClockCmd
    stm32f0308_discovery.o(i.STM_EVAL_PBInit) refers to stm32f0xx_rcc.o(i.RCC_APB2PeriphClockCmd) for RCC_APB2PeriphClockCmd
    stm32f0308_discovery.o(i.STM_EVAL_PBInit) refers to stm32f0xx_gpio.o(i.GPIO_Init) for GPIO_Init
    stm32f0308_discovery.o(i.STM_EVAL_PBInit) refers to stm32f0xx_syscfg.o(i.SYSCFG_EXTILineConfig) for SYSCFG_EXTILineConfig
    stm32f0308_discovery.o(i.STM_EVAL_PBInit) refers to stm32f0xx_exti.o(i.EXTI_Init) for EXTI_Init
    stm32f0308_discovery.o(i.STM_EVAL_PBInit) refers to stm32f0xx_misc.o(i.NVIC_Init) for NVIC_Init
    stm32f0308_discovery.o(i.STM_EVAL_PBInit) refers to stm32f0308_discovery.o(.constdata) for BUTTON_CLK
    stm32f0308_discovery.o(i.STM_EVAL_PBInit) refers to stm32f0308_discovery.o(.data) for BUTTON_PORT
    stm32f0xx_gpio.o(i.GPIO_DeInit) refers to stm32f0xx_rcc.o(i.RCC_AHBPeriphResetCmd) for RCC_AHBPeriphResetCmd
    stm32f0xx_rcc.o(i.RCC_GetClocksFreq) refers to uidiv.o(.text) for __aeabi_uidivmod
    stm32f0xx_rcc.o(i.RCC_GetClocksFreq) refers to stm32f0xx_rcc.o(.data) for APBAHBPrescTable
    stm32f0xx_rcc.o(i.RCC_WaitForHSEStartUp) refers to stm32f0xx_rcc.o(i.RCC_GetFlagStatus) for RCC_GetFlagStatus
    stm32f0xx_tim.o(i.TIM_DeInit) refers to stm32f0xx_rcc.o(i.RCC_APB2PeriphResetCmd) for RCC_APB2PeriphResetCmd
    stm32f0xx_tim.o(i.TIM_DeInit) refers to stm32f0xx_rcc.o(i.RCC_APB1PeriphResetCmd) for RCC_APB1PeriphResetCmd
    stm32f0xx_tim.o(i.TIM_ETRClockMode1Config) refers to stm32f0xx_tim.o(i.TIM_ETRConfig) for TIM_ETRConfig
    stm32f0xx_tim.o(i.TIM_ETRClockMode2Config) refers to stm32f0xx_tim.o(i.TIM_ETRConfig) for TIM_ETRConfig
    stm32f0xx_tim.o(i.TIM_ICInit) refers to stm32f0xx_tim.o(i.TI1_Config) for TI1_Config
    stm32f0xx_tim.o(i.TIM_ICInit) refers to stm32f0xx_tim.o(i.TIM_SetIC1Prescaler) for TIM_SetIC1Prescaler
    stm32f0xx_tim.o(i.TIM_ICInit) refers to stm32f0xx_tim.o(i.TI2_Config) for TI2_Config
    stm32f0xx_tim.o(i.TIM_ICInit) refers to stm32f0xx_tim.o(i.TIM_SetIC2Prescaler) for TIM_SetIC2Prescaler
    stm32f0xx_tim.o(i.TIM_ICInit) refers to stm32f0xx_tim.o(i.TI3_Config) for TI3_Config
    stm32f0xx_tim.o(i.TIM_ICInit) refers to stm32f0xx_tim.o(i.TIM_SetIC3Prescaler) for TIM_SetIC3Prescaler
    stm32f0xx_tim.o(i.TIM_ICInit) refers to stm32f0xx_tim.o(i.TI4_Config) for TI4_Config
    stm32f0xx_tim.o(i.TIM_ICInit) refers to stm32f0xx_tim.o(i.TIM_SetIC4Prescaler) for TIM_SetIC4Prescaler
    stm32f0xx_tim.o(i.TIM_ITRxExternalClockConfig) refers to stm32f0xx_tim.o(i.TIM_SelectInputTrigger) for TIM_SelectInputTrigger
    stm32f0xx_tim.o(i.TIM_PWMIConfig) refers to stm32f0xx_tim.o(i.TI1_Config) for TI1_Config
    stm32f0xx_tim.o(i.TIM_PWMIConfig) refers to stm32f0xx_tim.o(i.TIM_SetIC1Prescaler) for TIM_SetIC1Prescaler
    stm32f0xx_tim.o(i.TIM_PWMIConfig) refers to stm32f0xx_tim.o(i.TI2_Config) for TI2_Config
    stm32f0xx_tim.o(i.TIM_PWMIConfig) refers to stm32f0xx_tim.o(i.TIM_SetIC2Prescaler) for TIM_SetIC2Prescaler
    stm32f0xx_tim.o(i.TIM_TIxExternalClockConfig) refers to stm32f0xx_tim.o(i.TI2_Config) for TI2_Config
    stm32f0xx_tim.o(i.TIM_TIxExternalClockConfig) refers to stm32f0xx_tim.o(i.TI1_Config) for TI1_Config
    stm32f0xx_tim.o(i.TIM_TIxExternalClockConfig) refers to stm32f0xx_tim.o(i.TIM_SelectInputTrigger) for TIM_SelectInputTrigger
    stm32f0xx_usart.o(i.USART_DeInit) refers to stm32f0xx_rcc.o(i.RCC_APB2PeriphResetCmd) for RCC_APB2PeriphResetCmd
    stm32f0xx_usart.o(i.USART_DeInit) refers to stm32f0xx_rcc.o(i.RCC_APB1PeriphResetCmd) for RCC_APB1PeriphResetCmd
    stm32f0xx_usart.o(i.USART_Init) refers to stm32f0xx_rcc.o(i.RCC_GetClocksFreq) for RCC_GetClocksFreq
    stm32f0xx_usart.o(i.USART_Init) refers to uidiv.o(.text) for __aeabi_uidivmod
    main.o(i.Delay) refers to main.o(.data) for TimingDelay
    main.o(i.GPIO_INT) refers to stm32f0xx_rcc.o(i.RCC_AHBPeriphClockCmd) for RCC_AHBPeriphClockCmd
    main.o(i.GPIO_INT) refers to stm32f0xx_gpio.o(i.GPIO_Init) for GPIO_Init
    main.o(i.GPIO_INT) refers to main.o(.data) for GPIOb_InitStructure
    main.o(i.TIM_Config) refers to stm32f0xx_rcc.o(i.RCC_APB1PeriphClockCmd) for RCC_APB1PeriphClockCmd
    main.o(i.TIM_Config) refers to stm32f0xx_misc.o(i.NVIC_Init) for NVIC_Init
    main.o(i.TIM_Config) refers to uidiv.o(.text) for __aeabi_uidivmod
    main.o(i.TIM_Config) refers to stm32f0xx_tim.o(i.TIM_TimeBaseInit) for TIM_TimeBaseInit
    main.o(i.TIM_Config) refers to stm32f0xx_tim.o(i.TIM_PrescalerConfig) for TIM_PrescalerConfig
    main.o(i.TIM_Config) refers to stm32f0xx_tim.o(i.TIM_OC3Init) for TIM_OC3Init
    main.o(i.TIM_Config) refers to stm32f0xx_tim.o(i.TIM_OC3PreloadConfig) for TIM_OC3PreloadConfig
    main.o(i.TIM_Config) refers to stm32f0xx_tim.o(i.TIM_OC4Init) for TIM_OC4Init
    main.o(i.TIM_Config) refers to stm32f0xx_tim.o(i.TIM_OC4PreloadConfig) for TIM_OC4PreloadConfig
    main.o(i.TIM_Config) refers to stm32f0xx_tim.o(i.TIM_ITConfig) for TIM_ITConfig
    main.o(i.TIM_Config) refers to stm32f0xx_tim.o(i.TIM_Cmd) for TIM_Cmd
    main.o(i.TIM_Config) refers to system_stm32f0xx.o(.data) for SystemCoreClock
    main.o(i.TIM_Config) refers to main.o(.data) for PrescalerValue
    main.o(i.TimingDelay_Decrement) refers to main.o(.data) for TimingDelay
    main.o(i.USART1_Config) refers to stm32f0xx_rcc.o(i.RCC_AHBPeriphClockCmd) for RCC_AHBPeriphClockCmd
    main.o(i.USART1_Config) refers to stm32f0xx_rcc.o(i.RCC_APB2PeriphClockCmd) for RCC_APB2PeriphClockCmd
    main.o(i.USART1_Config) refers to stm32f0xx_gpio.o(i.GPIO_PinAFConfig) for GPIO_PinAFConfig
    main.o(i.USART1_Config) refers to stm32f0xx_gpio.o(i.GPIO_Init) for GPIO_Init
    main.o(i.USART1_Config) refers to stm32f0xx_usart.o(i.USART_Init) for USART_Init
    main.o(i.USART1_Config) refers to stm32f0xx_usart.o(i.USART_Cmd) for USART_Cmd
    main.o(i.main) refers to main.o(i.GPIO_INT) for GPIO_INT
    main.o(i.main) refers to main.o(i.USART1_Config) for USART1_Config
    main.o(i.main) refers to uidiv.o(.text) for __aeabi_uidivmod
    main.o(i.main) refers to main.o(i.NVIC_SetPriority) for NVIC_SetPriority
    main.o(i.main) refers to bpm_main.o(i.bpm_main) for bpm_main
    main.o(i.main) refers to pump.o(i.pump_task) for pump_task
    main.o(i.main) refers to valve.o(i.valve_task) for valve_task
    main.o(i.main) refers to system_stm32f0xx.o(.data) for SystemCoreClock
    main.o(i.main) refers to bpm_main.o(.data) for bpm_ctrl
    main.o(i.main) refers to pump.o(.data) for pmp_ctrl
    main.o(i.main) refers to valve.o(.data) for vlv_ctrl
    stm32f0xx_it.o(i.SysTick_Handler) refers to main.o(i.TimingDelay_Decrement) for TimingDelay_Decrement
    stm32f0xx_it.o(i.SysTick_Handler) refers to bpm_main.o(.data) for bpm_manage
    stm32f0xx_it.o(i.TIM3_IRQHandler) refers to stm32f0xx_tim.o(i.TIM_GetITStatus) for TIM_GetITStatus
    stm32f0xx_it.o(i.TIM3_IRQHandler) refers to stm32f0xx_tim.o(i.TIM_ClearITPendingBit) for TIM_ClearITPendingBit
    stm32f0xx_it.o(i.TIM3_IRQHandler) refers to stm32f0308_discovery.o(i.STM_EVAL_LEDToggle) for STM_EVAL_LEDToggle
    stm32f0xx_it.o(i.TIM3_IRQHandler) refers to stm32f0xx_tim.o(i.TIM_GetCapture3) for TIM_GetCapture3
    stm32f0xx_it.o(i.TIM3_IRQHandler) refers to stm32f0xx_tim.o(i.TIM_SetCompare3) for TIM_SetCompare3
    stm32f0xx_it.o(i.TIM3_IRQHandler) refers to stm32f0xx_tim.o(i.TIM_GetCapture4) for TIM_GetCapture4
    stm32f0xx_it.o(i.TIM3_IRQHandler) refers to stm32f0xx_tim.o(i.TIM_SetCompare4) for TIM_SetCompare4
    stm32f0xx_it.o(i.TIM3_IRQHandler) refers to stm32f0xx_it.o(.data) for capture
    stm32f0xx_it.o(i.TIM3_IRQHandler) refers to main.o(.data) for CCR3_Val
    system_stm32f0xx.o(i.SystemCoreClockUpdate) refers to uidiv.o(.text) for __aeabi_uidivmod
    system_stm32f0xx.o(i.SystemCoreClockUpdate) refers to system_stm32f0xx.o(.data) for SystemCoreClock
    system_stm32f0xx.o(i.SystemInit) refers to system_stm32f0xx.o(i.SetSysClock) for SetSysClock
    mmr901xa_cmd.o(i.cmd_exec_spi_protocol) refers to mmr901xa_spi.o(i.spi_select_cs) for spi_select_cs
    mmr901xa_cmd.o(i.cmd_exec_spi_protocol) refers to mmr901xa_cmd.o(i.__ARM_common_switch8) for __ARM_common_switch8
    mmr901xa_cmd.o(i.cmd_exec_spi_protocol) refers to mmr901xa_spi.o(i.spi_send_data) for spi_send_data
    mmr901xa_cmd.o(i.cmd_exec_spi_protocol) refers to mmr901xa_spi.o(i.spi_receive_data8) for spi_receive_data8
    mmr901xa_cmd.o(i.cmd_exec_spi_protocol) refers to mmr901xa_spi.o(i.spi_receive_data16) for spi_receive_data16
    mmr901xa_cmd.o(i.cmd_exec_spi_protocol) refers to mmr901xa_spi.o(i.spi_cancel_cs) for spi_cancel_cs
    mmr901xa_spi.o(i.spi_cancel_cs) refers to stm32f0xx_gpio.o(i.GPIO_ResetBits) for GPIO_ResetBits
    mmr901xa_spi.o(i.spi_cancel_cs) refers to mmr901xa_spi.o(i.spi_wait) for spi_wait
    mmr901xa_spi.o(i.spi_cancel_cs) refers to stm32f0xx_gpio.o(i.GPIO_SetBits) for GPIO_SetBits
    mmr901xa_spi.o(i.spi_init_cs) refers to stm32f0xx_gpio.o(i.GPIO_ResetBits) for GPIO_ResetBits
    mmr901xa_spi.o(i.spi_init_cs) refers to mmr901xa_spi.o(i.spi_wait) for spi_wait
    mmr901xa_spi.o(i.spi_init_cs) refers to stm32f0xx_gpio.o(i.GPIO_SetBits) for GPIO_SetBits
    mmr901xa_spi.o(i.spi_receive_data16) refers to stm32f0xx_gpio.o(i.GPIO_ResetBits) for GPIO_ResetBits
    mmr901xa_spi.o(i.spi_receive_data16) refers to mmr901xa_spi.o(i.spi_wait) for spi_wait
    mmr901xa_spi.o(i.spi_receive_data16) refers to stm32f0xx_gpio.o(i.GPIO_SetBits) for GPIO_SetBits
    mmr901xa_spi.o(i.spi_receive_data16) refers to stm32f0xx_gpio.o(i.GPIO_ReadInputDataBit) for GPIO_ReadInputDataBit
    mmr901xa_spi.o(i.spi_receive_data8) refers to stm32f0xx_gpio.o(i.GPIO_SetBits) for GPIO_SetBits
    mmr901xa_spi.o(i.spi_receive_data8) refers to stm32f0xx_gpio.o(i.GPIO_ReadInputDataBit) for GPIO_ReadInputDataBit
    mmr901xa_spi.o(i.spi_receive_data8) refers to mmr901xa_spi.o(i.spi_wait) for spi_wait
    mmr901xa_spi.o(i.spi_receive_data8) refers to stm32f0xx_gpio.o(i.GPIO_ResetBits) for GPIO_ResetBits
    mmr901xa_spi.o(i.spi_select_cs) refers to stm32f0xx_gpio.o(i.GPIO_ResetBits) for GPIO_ResetBits
    mmr901xa_spi.o(i.spi_select_cs) refers to mmr901xa_spi.o(i.spi_wait) for spi_wait
    mmr901xa_spi.o(i.spi_send_data) refers to stm32f0xx_gpio.o(i.GPIO_SetBits) for GPIO_SetBits
    mmr901xa_spi.o(i.spi_send_data) refers to stm32f0xx_gpio.o(i.GPIO_ResetBits) for GPIO_ResetBits
    mmr901xa_spi.o(i.spi_send_data) refers to mmr901xa_spi.o(i.spi_wait) for spi_wait
    bpm_main.o(i.SendData2Uart) refers to stm32f0xx_usart.o(i.USART_SendData) for USART_SendData
    bpm_main.o(i.SendData2Uart) refers to stm32f0xx_usart.o(i.USART_GetFlagStatus) for USART_GetFlagStatus
    bpm_main.o(i.bpm_get_pulse_data) refers to utl.o(i.utl_round32) for utl_round32
    bpm_main.o(i.bpm_get_pulse_data) refers to idiv.o(.text) for __aeabi_idivmod
    bpm_main.o(i.bpm_get_pulse_data) refers to utl.o(i.utl_memory_clr) for utl_memory_clr
    bpm_main.o(i.bpm_get_pulse_data) refers to bpm_main.o(.bss) for bpm_bpm_para
    bpm_main.o(i.bpm_get_pulse_data) refers to bpm_main.o(.data) for bpm_pulse_status
    bpm_main.o(i.bpm_initial) refers to mmr901xa_func.o(i.func_calc_initialize) for func_calc_initialize
    bpm_main.o(i.bpm_initial) refers to utl.o(i.utl_memory_clr) for utl_memory_clr
    bpm_main.o(i.bpm_initial) refers to mmr901xa_cmd.o(i.cmd_exec_spi_protocol) for cmd_exec_spi_protocol
    bpm_main.o(i.bpm_initial) refers to mmr901xa_spi.o(i.spi_init_cs) for spi_init_cs
    bpm_main.o(i.bpm_initial) refers to mmr901xa_func.o(i.func_read_calib_data) for func_read_calib_data
    bpm_main.o(i.bpm_initial) refers to utl.o(i.utl_change_state) for utl_change_state
    bpm_main.o(i.bpm_initial) refers to bpm_main.o(.data) for bpm_ctrl
    bpm_main.o(i.bpm_initial) refers to bpm_main.o(.bss) for bpm_bpm_para
    bpm_main.o(i.bpm_main) refers to bpm_main.o(i.bpm_initial) for bpm_initial
    bpm_main.o(i.bpm_main) refers to bpm_main.o(i.bpm_measure) for bpm_measure
    bpm_main.o(i.bpm_main) refers to bpm_main.o(.data) for bpm_ctrl
    bpm_main.o(i.bpm_measure) refers to mmr901xa_cmd.o(i.__ARM_common_switch8) for __ARM_common_switch8
    bpm_main.o(i.bpm_measure) refers to mmr901xa_cmd.o(i.cmd_exec_spi_protocol) for cmd_exec_spi_protocol
    bpm_main.o(i.bpm_measure) refers to mmr901xa_func.o(i.func_read_adc_data) for func_read_adc_data
    bpm_main.o(i.bpm_measure) refers to uidiv.o(.text) for __aeabi_uidivmod
    bpm_main.o(i.bpm_measure) refers to mmr901xa_func.o(i.func_calc_temperature) for func_calc_temperature
    bpm_main.o(i.bpm_measure) refers to mmr901xa_func.o(i.func_calc_sensitivity) for func_calc_sensitivity
    bpm_main.o(i.bpm_measure) refers to utl.o(i.utl_change_state) for utl_change_state
    bpm_main.o(i.bpm_measure) refers to mmr901xa_func.o(i.func_calc_pressure) for func_calc_pressure
    bpm_main.o(i.bpm_measure) refers to utl.o(i.utl_memory_clr) for utl_memory_clr
    bpm_main.o(i.bpm_measure) refers to bpm_main.o(i.bpm_get_pulse_data) for bpm_get_pulse_data
    bpm_main.o(i.bpm_measure) refers to bpm_main.o(.data) for bpm_ctrl
    bpm_main.o(i.bpm_measure) refers to mmr901xa_func.o(.data) for func_coeff
    bpm_main.o(i.bpm_measure) refers to valve.o(.data) for vlv_ctrl
    bpm_main.o(i.bpm_measure) refers to pump.o(.data) for pmp_ctrl
    bpm_main.o(i.bpm_measure) refers to bpm_main.o(.bss) for bpm_bpm_para
    utl.o(i.utl_dec2bcd) refers to idiv.o(.text) for __aeabi_idivmod
    utl.o(i.utl_round32) refers to idiv.o(.text) for __aeabi_idivmod
    mmr901xa_func.o(i.func_calc_initialize) refers to utl.o(i.utl_memory_clr) for utl_memory_clr
    mmr901xa_func.o(i.func_calc_initialize) refers to mmr901xa_func.o(.data) for func_coeff
    mmr901xa_func.o(i.func_calc_sensitivity) refers to idiv.o(.text) for __aeabi_idivmod
    mmr901xa_func.o(i.func_calc_sensitivity) refers to mmr901xa_func.o(.data) for func_calib_data
    mmr901xa_func.o(i.func_calc_temperature) refers to utl.o(i.utl_round32) for utl_round32
    mmr901xa_func.o(i.func_calc_temperature) refers to mmr901xa_func.o(.data) for func_calib_data
    mmr901xa_func.o(i.func_cnvert_eep_to_calib) refers to mmr901xa_func.o(.data) for func_calib_data
    mmr901xa_func.o(i.func_read_adc_data) refers to stm32f0xx_gpio.o(i.GPIO_ReadInputDataBit) for GPIO_ReadInputDataBit
    mmr901xa_func.o(i.func_read_adc_data) refers to mmr901xa_cmd.o(i.cmd_exec_spi_protocol) for cmd_exec_spi_protocol
    mmr901xa_func.o(i.func_read_calib_data) refers to mmr901xa_cmd.o(i.cmd_exec_spi_protocol) for cmd_exec_spi_protocol
    mmr901xa_func.o(i.func_read_calib_data) refers to mmr901xa_func.o(i.func_calc_checksum) for func_calc_checksum
    mmr901xa_func.o(i.func_read_calib_data) refers to mmr901xa_func.o(i.func_cnvert_eep_to_calib) for func_cnvert_eep_to_calib
    pump.o(i.GPIO_pump_INT) refers to stm32f0xx_rcc.o(i.RCC_AHBPeriphClockCmd) for RCC_AHBPeriphClockCmd
    pump.o(i.GPIO_pump_INT) refers to stm32f0xx_gpio.o(i.GPIO_Init) for GPIO_Init
    pump.o(i.pump_initial) refers to pump.o(i.GPIO_pump_INT) for GPIO_pump_INT
    pump.o(i.pump_initial) refers to pump.o(.data) for pmp_ctrl
    pump.o(i.pump_off) refers to stm32f0xx_gpio.o(i.GPIO_ResetBits) for GPIO_ResetBits
    pump.o(i.pump_off) refers to pump.o(.data) for pmp_ctrl
    pump.o(i.pump_on) refers to stm32f0xx_gpio.o(i.GPIO_SetBits) for GPIO_SetBits
    pump.o(i.pump_on) refers to pump.o(.data) for pmp_ctrl
    pump.o(i.pump_task) refers to pump.o(i.pump_initial) for pump_initial
    pump.o(i.pump_task) refers to pump.o(i.pump_off) for pump_off
    pump.o(i.pump_task) refers to pump.o(i.pump_on) for pump_on
    pump.o(i.pump_task) refers to pump.o(.data) for pmp_ctrl
    valve.o(i.TIM3_vlv_Config) refers to stm32f0xx_rcc.o(i.RCC_AHBPeriphClockCmd) for RCC_AHBPeriphClockCmd
    valve.o(i.TIM3_vlv_Config) refers to stm32f0xx_gpio.o(i.GPIO_Init) for GPIO_Init
    valve.o(i.TIM3_vlv_Config) refers to stm32f0xx_gpio.o(i.GPIO_PinAFConfig) for GPIO_PinAFConfig
    valve.o(i.TIM3_vlv_Config) refers to uidiv.o(.text) for __aeabi_uidivmod
    valve.o(i.TIM3_vlv_Config) refers to stm32f0xx_rcc.o(i.RCC_APB1PeriphClockCmd) for RCC_APB1PeriphClockCmd
    valve.o(i.TIM3_vlv_Config) refers to stm32f0xx_tim.o(i.TIM_TimeBaseInit) for TIM_TimeBaseInit
    valve.o(i.TIM3_vlv_Config) refers to stm32f0xx_tim.o(i.TIM_OC1Init) for TIM_OC1Init
    valve.o(i.TIM3_vlv_Config) refers to stm32f0xx_tim.o(i.TIM_Cmd) for TIM_Cmd
    valve.o(i.TIM3_vlv_Config) refers to system_stm32f0xx.o(.data) for SystemCoreClock
    valve.o(i.TIM3_vlv_Config) refers to valve.o(.data) for Timer3Period
    valve.o(i.TIM3_vlv_Config) refers to valve.o(.bss) for TIM3_TimeBaseStructure
    valve.o(i.valve_close) refers to stm32f0xx_tim.o(i.TIM_ForcedOC1Config) for TIM_ForcedOC1Config
    valve.o(i.valve_close) refers to valve.o(.data) for vlv_ctrl
    valve.o(i.valve_initial) refers to valve.o(i.TIM3_vlv_Config) for TIM3_vlv_Config
    valve.o(i.valve_initial) refers to valve.o(.data) for vlv_manage
    valve.o(i.valve_leak) refers to stm32f0xx_tim.o(i.TIM_ForcedOC1Config) for TIM_ForcedOC1Config
    valve.o(i.valve_leak) refers to uidiv.o(.text) for __aeabi_uidivmod
    valve.o(i.valve_leak) refers to valve.o(.data) for vlv_ctrl
    valve.o(i.valve_open) refers to stm32f0xx_tim.o(i.TIM_ForcedOC1Config) for TIM_ForcedOC1Config
    valve.o(i.valve_open) refers to valve.o(.data) for vlv_ctrl
    valve.o(i.valve_task) refers to valve.o(i.valve_initial) for valve_initial
    valve.o(i.valve_task) refers to valve.o(i.valve_open) for valve_open
    valve.o(i.valve_task) refers to valve.o(i.valve_close) for valve_close
    valve.o(i.valve_task) refers to valve.o(i.valve_leak) for valve_leak
    valve.o(i.valve_task) refers to valve.o(.data) for vlv_ctrl
    entry.o(.ARM.Collect$$$$00000000) refers (Special) to entry10a.o(.ARM.Collect$$$$0000000D) for __rt_final_cpp
    entry.o(.ARM.Collect$$$$00000000) refers (Special) to entry11a.o(.ARM.Collect$$$$0000000F) for __rt_final_exit
    entry.o(.ARM.Collect$$$$00000000) refers (Special) to entry7b.o(.ARM.Collect$$$$00000008) for _main_clock
    entry.o(.ARM.Collect$$$$00000000) refers (Special) to entry8b.o(.ARM.Collect$$$$0000000A) for _main_cpp_init
    entry.o(.ARM.Collect$$$$00000000) refers (Special) to entry9a.o(.ARM.Collect$$$$0000000B) for _main_init
    entry.o(.ARM.Collect$$$$00000000) refers (Special) to entry5.o(.ARM.Collect$$$$00000004) for _main_scatterload
    entry.o(.ARM.Collect$$$$00000000) refers (Special) to entry2.o(.ARM.Collect$$$$00000001) for _main_stk
    idiv.o(.text) refers to uidiv.o(.text) for __aeabi_uidivmod
    entry2.o(.ARM.Collect$$$$00000001) refers to entry2.o(.ARM.Collect$$$$00002712) for __lit__00000000
    entry2.o(.ARM.Collect$$$$00002712) refers to startup_stm32f030x8.o(STACK) for __initial_sp
    entry2.o(__vectab_stack_and_reset_area) refers to startup_stm32f030x8.o(STACK) for __initial_sp
    entry2.o(__vectab_stack_and_reset_area) refers to entry.o(.ARM.Collect$$$$00000000) for __main
    entry5.o(.ARM.Collect$$$$00000004) refers to init.o(.text) for __scatterload
    entry9a.o(.ARM.Collect$$$$0000000B) refers to main.o(i.main) for main
    entry9b.o(.ARM.Collect$$$$0000000C) refers to main.o(i.main) for main
    init.o(.text) refers to entry5.o(.ARM.Collect$$$$00000004) for __main_after_scatterload


==============================================================================

Removing Unused input sections from the image.

    Removing startup_stm32f030x8.o(HEAP), (512 bytes).
    Removing stm32f0308_discovery.o(.rev16_text), (4 bytes).
    Removing stm32f0308_discovery.o(.revsh_text), (4 bytes).
    Removing stm32f0308_discovery.o(i.STM_EVAL_LEDInit), (68 bytes).
    Removing stm32f0308_discovery.o(i.STM_EVAL_LEDOff), (24 bytes).
    Removing stm32f0308_discovery.o(i.STM_EVAL_LEDOn), (24 bytes).
    Removing stm32f0308_discovery.o(i.STM_EVAL_PBGetState), (32 bytes).
    Removing stm32f0308_discovery.o(i.STM_EVAL_PBInit), (172 bytes).
    Removing stm32f0xx_gpio.o(.rev16_text), (4 bytes).
    Removing stm32f0xx_gpio.o(.revsh_text), (4 bytes).
    Removing stm32f0xx_gpio.o(i.GPIO_DeInit), (148 bytes).
    Removing stm32f0xx_gpio.o(i.GPIO_PinLockConfig), (34 bytes).
    Removing stm32f0xx_gpio.o(i.GPIO_ReadInputData), (6 bytes).
    Removing stm32f0xx_gpio.o(i.GPIO_ReadOutputData), (6 bytes).
    Removing stm32f0xx_gpio.o(i.GPIO_ReadOutputDataBit), (20 bytes).
    Removing stm32f0xx_gpio.o(i.GPIO_StructInit), (24 bytes).
    Removing stm32f0xx_gpio.o(i.GPIO_Write), (4 bytes).
    Removing stm32f0xx_gpio.o(i.GPIO_WriteBit), (12 bytes).
    Removing stm32f0xx_misc.o(.rev16_text), (4 bytes).
    Removing stm32f0xx_misc.o(.revsh_text), (4 bytes).
    Removing stm32f0xx_misc.o(i.NVIC_Init), (112 bytes).
    Removing stm32f0xx_misc.o(i.NVIC_SystemLPConfig), (32 bytes).
    Removing stm32f0xx_misc.o(i.SysTick_CLKSourceConfig), (36 bytes).
    Removing stm32f0xx_rcc.o(.rev16_text), (4 bytes).
    Removing stm32f0xx_rcc.o(.revsh_text), (4 bytes).
    Removing stm32f0xx_rcc.o(i.RCC_ADCCLKConfig), (56 bytes).
    Removing stm32f0xx_rcc.o(i.RCC_AHBPeriphResetCmd), (32 bytes).
    Removing stm32f0xx_rcc.o(i.RCC_APB1PeriphResetCmd), (32 bytes).
    Removing stm32f0xx_rcc.o(i.RCC_APB2PeriphResetCmd), (32 bytes).
    Removing stm32f0xx_rcc.o(i.RCC_AdjustHSI14CalibrationValue), (32 bytes).
    Removing stm32f0xx_rcc.o(i.RCC_AdjustHSICalibrationValue), (32 bytes).
    Removing stm32f0xx_rcc.o(i.RCC_BackupResetCmd), (40 bytes).
    Removing stm32f0xx_rcc.o(i.RCC_CECCLKConfig), (28 bytes).
    Removing stm32f0xx_rcc.o(i.RCC_ClearFlag), (20 bytes).
    Removing stm32f0xx_rcc.o(i.RCC_ClearITPendingBit), (12 bytes).
    Removing stm32f0xx_rcc.o(i.RCC_ClockSecuritySystemCmd), (40 bytes).
    Removing stm32f0xx_rcc.o(i.RCC_DeInit), (116 bytes).
    Removing stm32f0xx_rcc.o(i.RCC_GetFlagStatus), (72 bytes).
    Removing stm32f0xx_rcc.o(i.RCC_GetITStatus), (28 bytes).
    Removing stm32f0xx_rcc.o(i.RCC_GetSYSCLKSource), (16 bytes).
    Removing stm32f0xx_rcc.o(i.RCC_HCLKConfig), (32 bytes).
    Removing stm32f0xx_rcc.o(i.RCC_HSEConfig), (16 bytes).
    Removing stm32f0xx_rcc.o(i.RCC_HSI14ADCRequestCmd), (36 bytes).
    Removing stm32f0xx_rcc.o(i.RCC_HSI14Cmd), (36 bytes).
    Removing stm32f0xx_rcc.o(i.RCC_HSICmd), (36 bytes).
    Removing stm32f0xx_rcc.o(i.RCC_I2CCLKConfig), (28 bytes).
    Removing stm32f0xx_rcc.o(i.RCC_ITConfig), (32 bytes).
    Removing stm32f0xx_rcc.o(i.RCC_LSEConfig), (40 bytes).
    Removing stm32f0xx_rcc.o(i.RCC_LSEDriveConfig), (28 bytes).
    Removing stm32f0xx_rcc.o(i.RCC_LSICmd), (36 bytes).
    Removing stm32f0xx_rcc.o(i.RCC_MCOConfig), (12 bytes).
    Removing stm32f0xx_rcc.o(i.RCC_PCLKConfig), (36 bytes).
    Removing stm32f0xx_rcc.o(i.RCC_PLLCmd), (40 bytes).
    Removing stm32f0xx_rcc.o(i.RCC_PLLConfig), (36 bytes).
    Removing stm32f0xx_rcc.o(i.RCC_PREDIV1Config), (28 bytes).
    Removing stm32f0xx_rcc.o(i.RCC_RTCCLKCmd), (40 bytes).
    Removing stm32f0xx_rcc.o(i.RCC_RTCCLKConfig), (16 bytes).
    Removing stm32f0xx_rcc.o(i.RCC_SYSCLKConfig), (28 bytes).
    Removing stm32f0xx_rcc.o(i.RCC_USARTCLKConfig), (28 bytes).
    Removing stm32f0xx_rcc.o(i.RCC_WaitForHSEStartUp), (60 bytes).
    Removing stm32f0xx_exti.o(.rev16_text), (4 bytes).
    Removing stm32f0xx_exti.o(.revsh_text), (4 bytes).
    Removing stm32f0xx_exti.o(i.EXTI_ClearFlag), (12 bytes).
    Removing stm32f0xx_exti.o(i.EXTI_ClearITPendingBit), (12 bytes).
    Removing stm32f0xx_exti.o(i.EXTI_DeInit), (32 bytes).
    Removing stm32f0xx_exti.o(i.EXTI_GenerateSWInterrupt), (16 bytes).
    Removing stm32f0xx_exti.o(i.EXTI_GetFlagStatus), (28 bytes).
    Removing stm32f0xx_exti.o(i.EXTI_GetITStatus), (28 bytes).
    Removing stm32f0xx_exti.o(i.EXTI_Init), (136 bytes).
    Removing stm32f0xx_exti.o(i.EXTI_StructInit), (16 bytes).
    Removing stm32f0xx_syscfg.o(.rev16_text), (4 bytes).
    Removing stm32f0xx_syscfg.o(.revsh_text), (4 bytes).
    Removing stm32f0xx_syscfg.o(i.SYSCFG_BreakConfig), (16 bytes).
    Removing stm32f0xx_syscfg.o(i.SYSCFG_ClearFlag), (16 bytes).
    Removing stm32f0xx_syscfg.o(i.SYSCFG_DMAChannelRemapConfig), (32 bytes).
    Removing stm32f0xx_syscfg.o(i.SYSCFG_DeInit), (44 bytes).
    Removing stm32f0xx_syscfg.o(i.SYSCFG_EXTILineConfig), (64 bytes).
    Removing stm32f0xx_syscfg.o(i.SYSCFG_GetFlagStatus), (32 bytes).
    Removing stm32f0xx_syscfg.o(i.SYSCFG_I2CFastModePlusConfig), (32 bytes).
    Removing stm32f0xx_syscfg.o(i.SYSCFG_MemoryRemapConfig), (28 bytes).
    Removing stm32f0xx_tim.o(.rev16_text), (4 bytes).
    Removing stm32f0xx_tim.o(.revsh_text), (4 bytes).
    Removing stm32f0xx_tim.o(i.TI1_Config), (56 bytes).
    Removing stm32f0xx_tim.o(i.TI2_Config), (76 bytes).
    Removing stm32f0xx_tim.o(i.TI3_Config), (72 bytes).
    Removing stm32f0xx_tim.o(i.TI4_Config), (80 bytes).
    Removing stm32f0xx_tim.o(i.TIM_ARRPreloadConfig), (28 bytes).
    Removing stm32f0xx_tim.o(i.TIM_BDTRConfig), (32 bytes).
    Removing stm32f0xx_tim.o(i.TIM_BDTRStructInit), (18 bytes).
    Removing stm32f0xx_tim.o(i.TIM_CCPreloadControl), (28 bytes).
    Removing stm32f0xx_tim.o(i.TIM_CCxCmd), (30 bytes).
    Removing stm32f0xx_tim.o(i.TIM_CCxNCmd), (30 bytes).
    Removing stm32f0xx_tim.o(i.TIM_ClearFlag), (6 bytes).
    Removing stm32f0xx_tim.o(i.TIM_ClearOC1Ref), (24 bytes).
    Removing stm32f0xx_tim.o(i.TIM_ClearOC2Ref), (20 bytes).
    Removing stm32f0xx_tim.o(i.TIM_ClearOC3Ref), (24 bytes).
    Removing stm32f0xx_tim.o(i.TIM_ClearOC4Ref), (20 bytes).
    Removing stm32f0xx_tim.o(i.TIM_CounterModeConfig), (24 bytes).
    Removing stm32f0xx_tim.o(i.TIM_CtrlPWMOutputs), (34 bytes).
    Removing stm32f0xx_tim.o(i.TIM_DMACmd), (20 bytes).
    Removing stm32f0xx_tim.o(i.TIM_DMAConfig), (12 bytes).
    Removing stm32f0xx_tim.o(i.TIM_DeInit), (232 bytes).
    Removing stm32f0xx_tim.o(i.TIM_ETRClockMode1Config), (52 bytes).
    Removing stm32f0xx_tim.o(i.TIM_ETRClockMode2Config), (34 bytes).
    Removing stm32f0xx_tim.o(i.TIM_ETRConfig), (24 bytes).
    Removing stm32f0xx_tim.o(i.TIM_EncoderInterfaceConfig), (68 bytes).
    Removing stm32f0xx_tim.o(i.TIM_ForcedOC2Config), (24 bytes).
    Removing stm32f0xx_tim.o(i.TIM_ForcedOC3Config), (24 bytes).
    Removing stm32f0xx_tim.o(i.TIM_ForcedOC4Config), (24 bytes).
    Removing stm32f0xx_tim.o(i.TIM_GenerateEvent), (4 bytes).
    Removing stm32f0xx_tim.o(i.TIM_GetCapture1), (6 bytes).
    Removing stm32f0xx_tim.o(i.TIM_GetCapture2), (6 bytes).
    Removing stm32f0xx_tim.o(i.TIM_GetCounter), (6 bytes).
    Removing stm32f0xx_tim.o(i.TIM_GetFlagStatus), (20 bytes).
    Removing stm32f0xx_tim.o(i.TIM_GetPrescaler), (6 bytes).
    Removing stm32f0xx_tim.o(i.TIM_ICInit), (112 bytes).
    Removing stm32f0xx_tim.o(i.TIM_ICStructInit), (18 bytes).
    Removing stm32f0xx_tim.o(i.TIM_ITConfig), (20 bytes).
    Removing stm32f0xx_tim.o(i.TIM_ITRxExternalClockConfig), (24 bytes).
    Removing stm32f0xx_tim.o(i.TIM_InternalClockConfig), (16 bytes).
    Removing stm32f0xx_tim.o(i.TIM_OC1FastConfig), (24 bytes).
    Removing stm32f0xx_tim.o(i.TIM_OC1NPolarityConfig), (24 bytes).
    Removing stm32f0xx_tim.o(i.TIM_OC1PolarityConfig), (24 bytes).
    Removing stm32f0xx_tim.o(i.TIM_OC1PreloadConfig), (24 bytes).
    Removing stm32f0xx_tim.o(i.TIM_OC2FastConfig), (24 bytes).
    Removing stm32f0xx_tim.o(i.TIM_OC2Init), (172 bytes).
    Removing stm32f0xx_tim.o(i.TIM_OC2NPolarityConfig), (24 bytes).
    Removing stm32f0xx_tim.o(i.TIM_OC2PolarityConfig), (24 bytes).
    Removing stm32f0xx_tim.o(i.TIM_OC2PreloadConfig), (24 bytes).
    Removing stm32f0xx_tim.o(i.TIM_OC3FastConfig), (24 bytes).
    Removing stm32f0xx_tim.o(i.TIM_OC3Init), (152 bytes).
    Removing stm32f0xx_tim.o(i.TIM_OC3NPolarityConfig), (24 bytes).
    Removing stm32f0xx_tim.o(i.TIM_OC3PolarityConfig), (24 bytes).
    Removing stm32f0xx_tim.o(i.TIM_OC3PreloadConfig), (24 bytes).
    Removing stm32f0xx_tim.o(i.TIM_OC4FastConfig), (24 bytes).
    Removing stm32f0xx_tim.o(i.TIM_OC4Init), (112 bytes).
    Removing stm32f0xx_tim.o(i.TIM_OC4PolarityConfig), (24 bytes).
    Removing stm32f0xx_tim.o(i.TIM_OC4PreloadConfig), (24 bytes).
    Removing stm32f0xx_tim.o(i.TIM_OCStructInit), (20 bytes).
    Removing stm32f0xx_tim.o(i.TIM_PWMIConfig), (124 bytes).
    Removing stm32f0xx_tim.o(i.TIM_PrescalerConfig), (6 bytes).
    Removing stm32f0xx_tim.o(i.TIM_RemapConfig), (6 bytes).
    Removing stm32f0xx_tim.o(i.TIM_SelectCCDMA), (28 bytes).
    Removing stm32f0xx_tim.o(i.TIM_SelectCOM), (28 bytes).
    Removing stm32f0xx_tim.o(i.TIM_SelectHallSensor), (28 bytes).
    Removing stm32f0xx_tim.o(i.TIM_SelectInputTrigger), (24 bytes).
    Removing stm32f0xx_tim.o(i.TIM_SelectMasterSlaveMode), (20 bytes).
    Removing stm32f0xx_tim.o(i.TIM_SelectOCREFClear), (20 bytes).
    Removing stm32f0xx_tim.o(i.TIM_SelectOCxM), (82 bytes).
    Removing stm32f0xx_tim.o(i.TIM_SelectOnePulseMode), (20 bytes).
    Removing stm32f0xx_tim.o(i.TIM_SelectOutputTrigger), (20 bytes).
    Removing stm32f0xx_tim.o(i.TIM_SelectSlaveMode), (20 bytes).
    Removing stm32f0xx_tim.o(i.TIM_SetAutoreload), (4 bytes).
    Removing stm32f0xx_tim.o(i.TIM_SetClockDivision), (20 bytes).
    Removing stm32f0xx_tim.o(i.TIM_SetCompare1), (4 bytes).
    Removing stm32f0xx_tim.o(i.TIM_SetCompare2), (4 bytes).
    Removing stm32f0xx_tim.o(i.TIM_SetCounter), (4 bytes).
    Removing stm32f0xx_tim.o(i.TIM_SetIC1Prescaler), (20 bytes).
    Removing stm32f0xx_tim.o(i.TIM_SetIC2Prescaler), (24 bytes).
    Removing stm32f0xx_tim.o(i.TIM_SetIC3Prescaler), (20 bytes).
    Removing stm32f0xx_tim.o(i.TIM_SetIC4Prescaler), (24 bytes).
    Removing stm32f0xx_tim.o(i.TIM_TIxExternalClockConfig), (58 bytes).
    Removing stm32f0xx_tim.o(i.TIM_TimeBaseStructInit), (18 bytes).
    Removing stm32f0xx_tim.o(i.TIM_UpdateDisableConfig), (28 bytes).
    Removing stm32f0xx_tim.o(i.TIM_UpdateRequestConfig), (28 bytes).
    Removing stm32f0xx_usart.o(.rev16_text), (4 bytes).
    Removing stm32f0xx_usart.o(.revsh_text), (4 bytes).
    Removing stm32f0xx_usart.o(i.USART_AddressDetectionConfig), (16 bytes).
    Removing stm32f0xx_usart.o(i.USART_AutoBaudRateCmd), (28 bytes).
    Removing stm32f0xx_usart.o(i.USART_AutoBaudRateConfig), (18 bytes).
    Removing stm32f0xx_usart.o(i.USART_ClearFlag), (4 bytes).
    Removing stm32f0xx_usart.o(i.USART_ClearITPendingBit), (18 bytes).
    Removing stm32f0xx_usart.o(i.USART_ClockInit), (36 bytes).
    Removing stm32f0xx_usart.o(i.USART_ClockStructInit), (12 bytes).
    Removing stm32f0xx_usart.o(i.USART_DECmd), (28 bytes).
    Removing stm32f0xx_usart.o(i.USART_DEPolarityConfig), (18 bytes).
    Removing stm32f0xx_usart.o(i.USART_DMACmd), (20 bytes).
    Removing stm32f0xx_usart.o(i.USART_DMAReceptionErrorConfig), (18 bytes).
    Removing stm32f0xx_usart.o(i.USART_DataInvCmd), (28 bytes).
    Removing stm32f0xx_usart.o(i.USART_DeInit), (64 bytes).
    Removing stm32f0xx_usart.o(i.USART_DirectionModeCmd), (20 bytes).
    Removing stm32f0xx_usart.o(i.USART_GetFlagStatus), (20 bytes).
    Removing stm32f0xx_usart.o(i.USART_GetITStatus), (78 bytes).
    Removing stm32f0xx_usart.o(i.USART_HalfDuplexCmd), (24 bytes).
    Removing stm32f0xx_usart.o(i.USART_ITConfig), (66 bytes).
    Removing stm32f0xx_usart.o(i.USART_InvPinCmd), (20 bytes).
    Removing stm32f0xx_usart.o(i.USART_IrDACmd), (24 bytes).
    Removing stm32f0xx_usart.o(i.USART_IrDAConfig), (16 bytes).
    Removing stm32f0xx_usart.o(i.USART_LINBreakDetectLengthConfig), (16 bytes).
    Removing stm32f0xx_usart.o(i.USART_LINCmd), (28 bytes).
    Removing stm32f0xx_usart.o(i.USART_MSBFirstCmd), (28 bytes).
    Removing stm32f0xx_usart.o(i.USART_MuteModeCmd), (28 bytes).
    Removing stm32f0xx_usart.o(i.USART_MuteModeWakeUpConfig), (18 bytes).
    Removing stm32f0xx_usart.o(i.USART_OneBitMethodCmd), (28 bytes).
    Removing stm32f0xx_usart.o(i.USART_OverSampling8Cmd), (28 bytes).
    Removing stm32f0xx_usart.o(i.USART_OverrunDetectionConfig), (18 bytes).
    Removing stm32f0xx_usart.o(i.USART_ReceiveData), (10 bytes).
    Removing stm32f0xx_usart.o(i.USART_ReceiverTimeOutCmd), (28 bytes).
    Removing stm32f0xx_usart.o(i.USART_RequestCmd), (20 bytes).
    Removing stm32f0xx_usart.o(i.USART_STOPModeCmd), (24 bytes).
    Removing stm32f0xx_usart.o(i.USART_SWAPPinCmd), (28 bytes).
    Removing stm32f0xx_usart.o(i.USART_SendData), (8 bytes).
    Removing stm32f0xx_usart.o(i.USART_SetAddress), (18 bytes).
    Removing stm32f0xx_usart.o(i.USART_SetAutoRetryCount), (20 bytes).
    Removing stm32f0xx_usart.o(i.USART_SetBlockLength), (18 bytes).
    Removing stm32f0xx_usart.o(i.USART_SetDEAssertionTime), (20 bytes).
    Removing stm32f0xx_usart.o(i.USART_SetDEDeassertionTime), (20 bytes).
    Removing stm32f0xx_usart.o(i.USART_SetGuardTime), (16 bytes).
    Removing stm32f0xx_usart.o(i.USART_SetPrescaler), (18 bytes).
    Removing stm32f0xx_usart.o(i.USART_SetReceiverTimeOut), (16 bytes).
    Removing stm32f0xx_usart.o(i.USART_SmartCardCmd), (24 bytes).
    Removing stm32f0xx_usart.o(i.USART_SmartCardNACKCmd), (24 bytes).
    Removing stm32f0xx_usart.o(i.USART_StopModeWakeUpSourceConfig), (18 bytes).
    Removing stm32f0xx_usart.o(i.USART_StructInit), (24 bytes).
    Removing main.o(.rev16_text), (4 bytes).
    Removing main.o(.revsh_text), (4 bytes).
    Removing main.o(i.Delay), (24 bytes).
    Removing main.o(i.TIM_Config), (192 bytes).
    Removing stm32f0xx_it.o(.rev16_text), (4 bytes).
    Removing stm32f0xx_it.o(.revsh_text), (4 bytes).
    Removing system_stm32f0xx.o(.rev16_text), (4 bytes).
    Removing system_stm32f0xx.o(.revsh_text), (4 bytes).
    Removing system_stm32f0xx.o(i.SystemCoreClockUpdate), (176 bytes).
    Removing mmr901xa_cmd.o(.rev16_text), (4 bytes).
    Removing mmr901xa_cmd.o(.revsh_text), (4 bytes).
    Removing mmr901xa_spi.o(.rev16_text), (4 bytes).
    Removing mmr901xa_spi.o(.revsh_text), (4 bytes).
    Removing mmr901xa_spi.o(i.spi_init), (2 bytes).
    Removing bpm_main.o(.rev16_text), (4 bytes).
    Removing bpm_main.o(.revsh_text), (4 bytes).
    Removing bpm_main.o(i.SendData2Uart), (48 bytes).
    Removing utl.o(.rev16_text), (4 bytes).
    Removing utl.o(.revsh_text), (4 bytes).
    Removing utl.o(i.utl_ascii2hex), (64 bytes).
    Removing utl.o(i.utl_bcd2dec), (18 bytes).
    Removing utl.o(i.utl_dec2bcd), (34 bytes).
    Removing utl.o(i.utl_hex2ascii), (34 bytes).
    Removing mmr901xa_func.o(.rev16_text), (4 bytes).
    Removing mmr901xa_func.o(.revsh_text), (4 bytes).
    Removing pump.o(.rev16_text), (4 bytes).
    Removing pump.o(.revsh_text), (4 bytes).
    Removing valve.o(.rev16_text), (4 bytes).
    Removing valve.o(.revsh_text), (4 bytes).

243 unused section(s) (total 7752 bytes) removed from the image.

==============================================================================

Image Symbol Table

    Local Symbols

    Symbol Name                              Value     Ov Type        Size  Object(Section)

    ../clib/microlib/division.c              0x00000000   Number         0  uidiv.o ABSOLUTE
    ../clib/microlib/division.c              0x00000000   Number         0  idiv.o ABSOLUTE
    ../clib/microlib/init/entry.s            0x00000000   Number         0  entry11a.o ABSOLUTE
    ../clib/microlib/init/entry.s            0x00000000   Number         0  entry7a.o ABSOLUTE
    ../clib/microlib/init/entry.s            0x00000000   Number         0  entry10b.o ABSOLUTE
    ../clib/microlib/init/entry.s            0x00000000   Number         0  entry10a.o ABSOLUTE
    ../clib/microlib/init/entry.s            0x00000000   Number         0  entry9b.o ABSOLUTE
    ../clib/microlib/init/entry.s            0x00000000   Number         0  entry7b.o ABSOLUTE
    ../clib/microlib/init/entry.s            0x00000000   Number         0  entry9a.o ABSOLUTE
    ../clib/microlib/init/entry.s            0x00000000   Number         0  entry8b.o ABSOLUTE
    ../clib/microlib/init/entry.s            0x00000000   Number         0  entry2.o ABSOLUTE
    ../clib/microlib/init/entry.s            0x00000000   Number         0  entry5.o ABSOLUTE
    ../clib/microlib/init/entry.s            0x00000000   Number         0  entry11b.o ABSOLUTE
    ../clib/microlib/init/entry.s            0x00000000   Number         0  entry.o ABSOLUTE
    ../clib/microlib/init/entry.s            0x00000000   Number         0  entry8a.o ABSOLUTE
    ..\..\..\..\Libraries\CMSIS\Device\ST\STM32F0xx\Source\Templates\arm\startup_stm32f030x8.s 0x00000000   Number         0  startup_stm32f030x8.o ABSOLUTE
    ..\..\..\..\Libraries\STM32F0xx_StdPeriph_Driver\src\stm32f0xx_exti.c 0x00000000   Number         0  stm32f0xx_exti.o ABSOLUTE
    ..\..\..\..\Libraries\STM32F0xx_StdPeriph_Driver\src\stm32f0xx_gpio.c 0x00000000   Number         0  stm32f0xx_gpio.o ABSOLUTE
    ..\..\..\..\Libraries\STM32F0xx_StdPeriph_Driver\src\stm32f0xx_misc.c 0x00000000   Number         0  stm32f0xx_misc.o ABSOLUTE
    ..\..\..\..\Libraries\STM32F0xx_StdPeriph_Driver\src\stm32f0xx_rcc.c 0x00000000   Number         0  stm32f0xx_rcc.o ABSOLUTE
    ..\..\..\..\Libraries\STM32F0xx_StdPeriph_Driver\src\stm32f0xx_syscfg.c 0x00000000   Number         0  stm32f0xx_syscfg.o ABSOLUTE
    ..\..\..\..\Libraries\STM32F0xx_StdPeriph_Driver\src\stm32f0xx_tim.c 0x00000000   Number         0  stm32f0xx_tim.o ABSOLUTE
    ..\..\..\..\Libraries\STM32F0xx_StdPeriph_Driver\src\stm32f0xx_usart.c 0x00000000   Number         0  stm32f0xx_usart.o ABSOLUTE
    ..\..\..\..\Utilities1\STM32F0308-Discovery\stm32f0308_discovery.c 0x00000000   Number         0  stm32f0308_discovery.o ABSOLUTE
    ..\BPM_MAIN.c                            0x00000000   Number         0  bpm_main.o ABSOLUTE
    ..\MMR901XA_CMD.c                        0x00000000   Number         0  mmr901xa_cmd.o ABSOLUTE
    ..\MMR901XA_FUNC.c                       0x00000000   Number         0  mmr901xa_func.o ABSOLUTE
    ..\MMR901XA_SPI.c                        0x00000000   Number         0  mmr901xa_spi.o ABSOLUTE
    ..\PUMP.c                                0x00000000   Number         0  pump.o ABSOLUTE
    ..\UTL.c                                 0x00000000   Number         0  utl.o ABSOLUTE
    ..\VALVE.c                               0x00000000   Number         0  valve.o ABSOLUTE
    ..\\..\\..\\..\\Libraries\\STM32F0xx_StdPeriph_Driver\\src\\stm32f0xx_exti.c 0x00000000   Number         0  stm32f0xx_exti.o ABSOLUTE
    ..\\..\\..\\..\\Libraries\\STM32F0xx_StdPeriph_Driver\\src\\stm32f0xx_gpio.c 0x00000000   Number         0  stm32f0xx_gpio.o ABSOLUTE
    ..\\..\\..\\..\\Libraries\\STM32F0xx_StdPeriph_Driver\\src\\stm32f0xx_misc.c 0x00000000   Number         0  stm32f0xx_misc.o ABSOLUTE
    ..\\..\\..\\..\\Libraries\\STM32F0xx_StdPeriph_Driver\\src\\stm32f0xx_rcc.c 0x00000000   Number         0  stm32f0xx_rcc.o ABSOLUTE
    ..\\..\\..\\..\\Libraries\\STM32F0xx_StdPeriph_Driver\\src\\stm32f0xx_syscfg.c 0x00000000   Number         0  stm32f0xx_syscfg.o ABSOLUTE
    ..\\..\\..\\..\\Libraries\\STM32F0xx_StdPeriph_Driver\\src\\stm32f0xx_tim.c 0x00000000   Number         0  stm32f0xx_tim.o ABSOLUTE
    ..\\..\\..\\..\\Libraries\\STM32F0xx_StdPeriph_Driver\\src\\stm32f0xx_usart.c 0x00000000   Number         0  stm32f0xx_usart.o ABSOLUTE
    ..\\..\\..\\..\\Utilities1\\STM32F0308-Discovery\\stm32f0308_discovery.c 0x00000000   Number         0  stm32f0308_discovery.o ABSOLUTE
    ..\\BPM_MAIN.c                           0x00000000   Number         0  bpm_main.o ABSOLUTE
    ..\\MMR901XA_CMD.c                       0x00000000   Number         0  mmr901xa_cmd.o ABSOLUTE
    ..\\MMR901XA_FUNC.c                      0x00000000   Number         0  mmr901xa_func.o ABSOLUTE
    ..\\MMR901XA_SPI.c                       0x00000000   Number         0  mmr901xa_spi.o ABSOLUTE
    ..\\PUMP.c                               0x00000000   Number         0  pump.o ABSOLUTE
    ..\\UTL.c                                0x00000000   Number         0  utl.o ABSOLUTE
    ..\\VALVE.c                              0x00000000   Number         0  valve.o ABSOLUTE
    ..\\main.c                               0x00000000   Number         0  main.o ABSOLUTE
    ..\\stm32f0xx_it.c                       0x00000000   Number         0  stm32f0xx_it.o ABSOLUTE
    ..\\system_stm32f0xx.c                   0x00000000   Number         0  system_stm32f0xx.o ABSOLUTE
    ..\main.c                                0x00000000   Number         0  main.o ABSOLUTE
    ..\stm32f0xx_it.c                        0x00000000   Number         0  stm32f0xx_it.o ABSOLUTE
    ..\system_stm32f0xx.c                    0x00000000   Number         0  system_stm32f0xx.o ABSOLUTE
    dc.s                                     0x00000000   Number         0  dc.o ABSOLUTE
    handlers.s                               0x00000000   Number         0  handlers.o ABSOLUTE
    init.s                                   0x00000000   Number         0  init.o ABSOLUTE
    RESET                                    0x08000000   Section      192  startup_stm32f030x8.o(RESET)
    .ARM.Collect$$$$00000000                 0x080000c0   Section        0  entry.o(.ARM.Collect$$$$00000000)
    .ARM.Collect$$$$00000001                 0x080000c0   Section        4  entry2.o(.ARM.Collect$$$$00000001)
    .ARM.Collect$$$$00000004                 0x080000c4   Section        4  entry5.o(.ARM.Collect$$$$00000004)
    .ARM.Collect$$$$00000008                 0x080000c8   Section        0  entry7b.o(.ARM.Collect$$$$00000008)
    .ARM.Collect$$$$0000000A                 0x080000c8   Section        0  entry8b.o(.ARM.Collect$$$$0000000A)
    .ARM.Collect$$$$0000000B                 0x080000c8   Section        8  entry9a.o(.ARM.Collect$$$$0000000B)
    .ARM.Collect$$$$0000000D                 0x080000d0   Section        0  entry10a.o(.ARM.Collect$$$$0000000D)
    .ARM.Collect$$$$0000000F                 0x080000d0   Section        0  entry11a.o(.ARM.Collect$$$$0000000F)
    .ARM.Collect$$$$00002712                 0x080000d0   Section        4  entry2.o(.ARM.Collect$$$$00002712)
    __lit__00000000                          0x080000d0   Data           4  entry2.o(.ARM.Collect$$$$00002712)
    .text                                    0x080000d4   Section       28  startup_stm32f030x8.o(.text)
    .text                                    0x080000f0   Section        0  uidiv.o(.text)
    .text                                    0x0800011c   Section        0  idiv.o(.text)
    .text                                    0x08000144   Section       36  init.o(.text)
    i.GPIO_INT                               0x08000168   Section        0  main.o(i.GPIO_INT)
    i.GPIO_Init                              0x080001dc   Section        0  stm32f0xx_gpio.o(i.GPIO_Init)
    i.GPIO_PinAFConfig                       0x0800026c   Section        0  stm32f0xx_gpio.o(i.GPIO_PinAFConfig)
    i.GPIO_ReadInputDataBit                  0x080002b0   Section        0  stm32f0xx_gpio.o(i.GPIO_ReadInputDataBit)
    i.GPIO_ResetBits                         0x080002c4   Section        0  stm32f0xx_gpio.o(i.GPIO_ResetBits)
    i.GPIO_SetBits                           0x080002c8   Section        0  stm32f0xx_gpio.o(i.GPIO_SetBits)
    i.GPIO_pump_INT                          0x080002cc   Section        0  pump.o(i.GPIO_pump_INT)
    i.HardFault_Handler                      0x080002f8   Section        0  stm32f0xx_it.o(i.HardFault_Handler)
    i.NMI_Handler                            0x080002fc   Section        0  stm32f0xx_it.o(i.NMI_Handler)
    i.NVIC_SetPriority                       0x08000300   Section        0  main.o(i.NVIC_SetPriority)
    NVIC_SetPriority                         0x08000301   Thumb Code   110  main.o(i.NVIC_SetPriority)
    i.PendSV_Handler                         0x08000378   Section        0  stm32f0xx_it.o(i.PendSV_Handler)
    i.RCC_AHBPeriphClockCmd                  0x0800037c   Section        0  stm32f0xx_rcc.o(i.RCC_AHBPeriphClockCmd)
    i.RCC_APB1PeriphClockCmd                 0x0800039c   Section        0  stm32f0xx_rcc.o(i.RCC_APB1PeriphClockCmd)
    i.RCC_APB2PeriphClockCmd                 0x080003bc   Section        0  stm32f0xx_rcc.o(i.RCC_APB2PeriphClockCmd)
    i.RCC_GetClocksFreq                      0x080003dc   Section        0  stm32f0xx_rcc.o(i.RCC_GetClocksFreq)
    i.STM_EVAL_LEDToggle                     0x08000548   Section        0  stm32f0308_discovery.o(i.STM_EVAL_LEDToggle)
    i.SVC_Handler                            0x0800056c   Section        0  stm32f0xx_it.o(i.SVC_Handler)
    i.SetSysClock                            0x08000570   Section        0  system_stm32f0xx.o(i.SetSysClock)
    SetSysClock                              0x08000571   Thumb Code   126  system_stm32f0xx.o(i.SetSysClock)
    i.SysTick_Handler                        0x080005f8   Section        0  stm32f0xx_it.o(i.SysTick_Handler)
    i.SystemInit                             0x08000618   Section        0  system_stm32f0xx.o(i.SystemInit)
    i.TIM3_IRQHandler                        0x08000694   Section        0  stm32f0xx_it.o(i.TIM3_IRQHandler)
    i.TIM3_vlv_Config                        0x08000708   Section        0  valve.o(i.TIM3_vlv_Config)
    i.TIM_ClearITPendingBit                  0x080007d4   Section        0  stm32f0xx_tim.o(i.TIM_ClearITPendingBit)
    i.TIM_Cmd                                0x080007dc   Section        0  stm32f0xx_tim.o(i.TIM_Cmd)
    i.TIM_ForcedOC1Config                    0x080007f8   Section        0  stm32f0xx_tim.o(i.TIM_ForcedOC1Config)
    i.TIM_GetCapture3                        0x08000810   Section        0  stm32f0xx_tim.o(i.TIM_GetCapture3)
    i.TIM_GetCapture4                        0x08000816   Section        0  stm32f0xx_tim.o(i.TIM_GetCapture4)
    i.TIM_GetITStatus                        0x0800081c   Section        0  stm32f0xx_tim.o(i.TIM_GetITStatus)
    i.TIM_OC1Init                            0x08000844   Section        0  stm32f0xx_tim.o(i.TIM_OC1Init)
    i.TIM_SetCompare3                        0x080008d8   Section        0  stm32f0xx_tim.o(i.TIM_SetCompare3)
    i.TIM_SetCompare4                        0x080008dc   Section        0  stm32f0xx_tim.o(i.TIM_SetCompare4)
    i.TIM_TimeBaseInit                       0x080008e0   Section        0  stm32f0xx_tim.o(i.TIM_TimeBaseInit)
    i.TimingDelay_Decrement                  0x0800095c   Section        0  main.o(i.TimingDelay_Decrement)
    i.USART1_Config                          0x08000974   Section        0  main.o(i.USART1_Config)
    USART1_Config                            0x08000975   Thumb Code   130  main.o(i.USART1_Config)
    i.USART_Cmd                              0x080009fc   Section        0  stm32f0xx_usart.o(i.USART_Cmd)
    i.USART_Init                             0x08000a14   Section        0  stm32f0xx_usart.o(i.USART_Init)
    i.__ARM_common_switch8                   0x08000aec   Section        0  mmr901xa_cmd.o(i.__ARM_common_switch8)
    i.__scatterload_copy                     0x08000b08   Section       14  handlers.o(i.__scatterload_copy)
    i.__scatterload_null                     0x08000b16   Section        2  handlers.o(i.__scatterload_null)
    i.__scatterload_zeroinit                 0x08000b18   Section       14  handlers.o(i.__scatterload_zeroinit)
    i.bpm_get_pulse_data                     0x08000b28   Section        0  bpm_main.o(i.bpm_get_pulse_data)
    i.bpm_initial                            0x08000e24   Section        0  bpm_main.o(i.bpm_initial)
    i.bpm_main                               0x08000ee8   Section        0  bpm_main.o(i.bpm_main)
    i.bpm_measure                            0x08000f10   Section        0  bpm_main.o(i.bpm_measure)
    i.cmd_exec_spi_protocol                  0x08001390   Section        0  mmr901xa_cmd.o(i.cmd_exec_spi_protocol)
    i.func_calc_checksum                     0x08001424   Section        0  mmr901xa_func.o(i.func_calc_checksum)
    i.func_calc_initialize                   0x0800145c   Section        0  mmr901xa_func.o(i.func_calc_initialize)
    i.func_calc_pressure                     0x08001478   Section        0  mmr901xa_func.o(i.func_calc_pressure)
    i.func_calc_sensitivity                  0x080014b0   Section        0  mmr901xa_func.o(i.func_calc_sensitivity)
    i.func_calc_temperature                  0x080014fc   Section        0  mmr901xa_func.o(i.func_calc_temperature)
    i.func_cnvert_eep_to_calib               0x080015d0   Section        0  mmr901xa_func.o(i.func_cnvert_eep_to_calib)
    i.func_read_adc_data                     0x08001638   Section        0  mmr901xa_func.o(i.func_read_adc_data)
    i.func_read_calib_data                   0x08001668   Section        0  mmr901xa_func.o(i.func_read_calib_data)
    i.main                                   0x080016b0   Section        0  main.o(i.main)
    i.pump_initial                           0x0800173c   Section        0  pump.o(i.pump_initial)
    i.pump_off                               0x08001754   Section        0  pump.o(i.pump_off)
    i.pump_on                                0x08001784   Section        0  pump.o(i.pump_on)
    i.pump_task                              0x080017b4   Section        0  pump.o(i.pump_task)
    i.spi_cancel_cs                          0x080017e4   Section        0  mmr901xa_spi.o(i.spi_cancel_cs)
    i.spi_init_cs                            0x08001804   Section        0  mmr901xa_spi.o(i.spi_init_cs)
    i.spi_receive_data16                     0x08001824   Section        0  mmr901xa_spi.o(i.spi_receive_data16)
    i.spi_receive_data8                      0x08001874   Section        0  mmr901xa_spi.o(i.spi_receive_data8)
    i.spi_select_cs                          0x080018b8   Section        0  mmr901xa_spi.o(i.spi_select_cs)
    i.spi_send_data                          0x080018d8   Section        0  mmr901xa_spi.o(i.spi_send_data)
    i.spi_wait                               0x08001928   Section        0  mmr901xa_spi.o(i.spi_wait)
    i.utl_change_state                       0x0800192e   Section        0  utl.o(i.utl_change_state)
    i.utl_memory_clr                         0x08001938   Section        0  utl.o(i.utl_memory_clr)
    i.utl_round32                            0x0800196e   Section        0  utl.o(i.utl_round32)
    i.valve_close                            0x08001998   Section        0  valve.o(i.valve_close)
    i.valve_initial                          0x080019d4   Section        0  valve.o(i.valve_initial)
    i.valve_leak                             0x080019f4   Section        0  valve.o(i.valve_leak)
    i.valve_open                             0x08001a98   Section        0  valve.o(i.valve_open)
    i.valve_task                             0x08001ad4   Section        0  valve.o(i.valve_task)
    .constdata                               0x08001b10   Section       28  stm32f0308_discovery.o(.constdata)
    .data                                    0x20000000   Section       12  stm32f0308_discovery.o(.data)
    .data                                    0x2000000c   Section       16  stm32f0xx_rcc.o(.data)
    APBAHBPrescTable                         0x2000000c   Data          16  stm32f0xx_rcc.o(.data)
    .data                                    0x2000001c   Section       18  main.o(.data)
    TimingDelay                              0x20000024   Data           4  main.o(.data)
    .data                                    0x2000002e   Section        2  stm32f0xx_it.o(.data)
    .data                                    0x20000030   Section       20  system_stm32f0xx.o(.data)
    .data                                    0x20000044   Section       64  bpm_main.o(.data)
    .data                                    0x20000084   Section       16  mmr901xa_func.o(.data)
    .data                                    0x20000094   Section        8  pump.o(.data)
    .data                                    0x2000009c   Section       14  valve.o(.data)
    .bss                                     0x200000ac   Section      748  bpm_main.o(.bss)
    .bss                                     0x20000398   Section       32  valve.o(.bss)
    STACK                                    0x200003b8   Section     1024  startup_stm32f030x8.o(STACK)

    Global Symbols

    Symbol Name                              Value     Ov Type        Size  Object(Section)

    BuildAttributes$$THM_ISAv3M$S$PE$A:L22$X:L11$S22$IEEE1$IW$USESV6$~STKCKD$USESV7$~SHL$OSPACE$EBA8$MICROLIB$REQ8$PRES8$EABIv2 0x00000000   Number         0  anon$$obj.o ABSOLUTE
    __ARM_use_no_argv                        0x00000000   Number         0  main.o ABSOLUTE
    __cpp_initialize__aeabi_                  - Undefined Weak Reference
    __cxa_finalize                            - Undefined Weak Reference
    __decompress                              - Undefined Weak Reference
    _clock_init                               - Undefined Weak Reference
    _microlib_exit                            - Undefined Weak Reference
    __Vectors_Size                           0x000000c0   Number         0  startup_stm32f030x8.o ABSOLUTE
    __Vectors                                0x08000000   Data           4  startup_stm32f030x8.o(RESET)
    __Vectors_End                            0x080000c0   Data           0  startup_stm32f030x8.o(RESET)
    __main                                   0x080000c1   Thumb Code     0  entry.o(.ARM.Collect$$$$00000000)
    _main_stk                                0x080000c1   Thumb Code     0  entry2.o(.ARM.Collect$$$$00000001)
    _main_scatterload                        0x080000c5   Thumb Code     0  entry5.o(.ARM.Collect$$$$00000004)
    __main_after_scatterload                 0x080000c9   Thumb Code     0  entry5.o(.ARM.Collect$$$$00000004)
    _main_clock                              0x080000c9   Thumb Code     0  entry7b.o(.ARM.Collect$$$$00000008)
    _main_cpp_init                           0x080000c9   Thumb Code     0  entry8b.o(.ARM.Collect$$$$0000000A)
    _main_init                               0x080000c9   Thumb Code     0  entry9a.o(.ARM.Collect$$$$0000000B)
    __rt_final_cpp                           0x080000d1   Thumb Code     0  entry10a.o(.ARM.Collect$$$$0000000D)
    __rt_final_exit                          0x080000d1   Thumb Code     0  entry11a.o(.ARM.Collect$$$$0000000F)
    Reset_Handler                            0x080000d5   Thumb Code     8  startup_stm32f030x8.o(.text)
    ADC1_COMP_IRQHandler                     0x080000e7   Thumb Code     0  startup_stm32f030x8.o(.text)
    CEC_IRQHandler                           0x080000e7   Thumb Code     0  startup_stm32f030x8.o(.text)
    DMA1_Channel1_IRQHandler                 0x080000e7   Thumb Code     0  startup_stm32f030x8.o(.text)
    DMA1_Channel2_3_IRQHandler               0x080000e7   Thumb Code     0  startup_stm32f030x8.o(.text)
    DMA1_Channel4_5_IRQHandler               0x080000e7   Thumb Code     0  startup_stm32f030x8.o(.text)
    EXTI0_1_IRQHandler                       0x080000e7   Thumb Code     0  startup_stm32f030x8.o(.text)
    EXTI2_3_IRQHandler                       0x080000e7   Thumb Code     0  startup_stm32f030x8.o(.text)
    EXTI4_15_IRQHandler                      0x080000e7   Thumb Code     0  startup_stm32f030x8.o(.text)
    FLASH_IRQHandler                         0x080000e7   Thumb Code     0  startup_stm32f030x8.o(.text)
    I2C1_IRQHandler                          0x080000e7   Thumb Code     0  startup_stm32f030x8.o(.text)
    I2C2_IRQHandler                          0x080000e7   Thumb Code     0  startup_stm32f030x8.o(.text)
    PVD_IRQHandler                           0x080000e7   Thumb Code     0  startup_stm32f030x8.o(.text)
    RCC_IRQHandler                           0x080000e7   Thumb Code     0  startup_stm32f030x8.o(.text)
    RTC_IRQHandler                           0x080000e7   Thumb Code     0  startup_stm32f030x8.o(.text)
    SPI1_IRQHandler                          0x080000e7   Thumb Code     0  startup_stm32f030x8.o(.text)
    SPI2_IRQHandler                          0x080000e7   Thumb Code     0  startup_stm32f030x8.o(.text)
    TIM14_IRQHandler                         0x080000e7   Thumb Code     0  startup_stm32f030x8.o(.text)
    TIM15_IRQHandler                         0x080000e7   Thumb Code     0  startup_stm32f030x8.o(.text)
    TIM16_IRQHandler                         0x080000e7   Thumb Code     0  startup_stm32f030x8.o(.text)
    TIM17_IRQHandler                         0x080000e7   Thumb Code     0  startup_stm32f030x8.o(.text)
    TIM1_BRK_UP_TRG_COM_IRQHandler           0x080000e7   Thumb Code     0  startup_stm32f030x8.o(.text)
    TIM1_CC_IRQHandler                       0x080000e7   Thumb Code     0  startup_stm32f030x8.o(.text)
    TIM2_IRQHandler                          0x080000e7   Thumb Code     0  startup_stm32f030x8.o(.text)
    TIM6_DAC_IRQHandler                      0x080000e7   Thumb Code     0  startup_stm32f030x8.o(.text)
    TS_IRQHandler                            0x080000e7   Thumb Code     0  startup_stm32f030x8.o(.text)
    USART1_IRQHandler                        0x080000e7   Thumb Code     0  startup_stm32f030x8.o(.text)
    USART2_IRQHandler                        0x080000e7   Thumb Code     0  startup_stm32f030x8.o(.text)
    WWDG_IRQHandler                          0x080000e7   Thumb Code     0  startup_stm32f030x8.o(.text)
    __aeabi_uidiv                            0x080000f1   Thumb Code     0  uidiv.o(.text)
    __aeabi_uidivmod                         0x080000f1   Thumb Code    44  uidiv.o(.text)
    __aeabi_idiv                             0x0800011d   Thumb Code     0  idiv.o(.text)
    __aeabi_idivmod                          0x0800011d   Thumb Code    40  idiv.o(.text)
    __scatterload                            0x08000145   Thumb Code    28  init.o(.text)
    __scatterload_rt2                        0x08000145   Thumb Code     0  init.o(.text)
    GPIO_INT                                 0x08000169   Thumb Code   102  main.o(i.GPIO_INT)
    GPIO_Init                                0x080001dd   Thumb Code   144  stm32f0xx_gpio.o(i.GPIO_Init)
    GPIO_PinAFConfig                         0x0800026d   Thumb Code    68  stm32f0xx_gpio.o(i.GPIO_PinAFConfig)
    GPIO_ReadInputDataBit                    0x080002b1   Thumb Code    20  stm32f0xx_gpio.o(i.GPIO_ReadInputDataBit)
    GPIO_ResetBits                           0x080002c5   Thumb Code     4  stm32f0xx_gpio.o(i.GPIO_ResetBits)
    GPIO_SetBits                             0x080002c9   Thumb Code     4  stm32f0xx_gpio.o(i.GPIO_SetBits)
    GPIO_pump_INT                            0x080002cd   Thumb Code    44  pump.o(i.GPIO_pump_INT)
    HardFault_Handler                        0x080002f9   Thumb Code     4  stm32f0xx_it.o(i.HardFault_Handler)
    NMI_Handler                              0x080002fd   Thumb Code     2  stm32f0xx_it.o(i.NMI_Handler)
    PendSV_Handler                           0x08000379   Thumb Code     2  stm32f0xx_it.o(i.PendSV_Handler)
    RCC_AHBPeriphClockCmd                    0x0800037d   Thumb Code    28  stm32f0xx_rcc.o(i.RCC_AHBPeriphClockCmd)
    RCC_APB1PeriphClockCmd                   0x0800039d   Thumb Code    28  stm32f0xx_rcc.o(i.RCC_APB1PeriphClockCmd)
    RCC_APB2PeriphClockCmd                   0x080003bd   Thumb Code    28  stm32f0xx_rcc.o(i.RCC_APB2PeriphClockCmd)
    RCC_GetClocksFreq                        0x080003dd   Thumb Code   340  stm32f0xx_rcc.o(i.RCC_GetClocksFreq)
    STM_EVAL_LEDToggle                       0x08000549   Thumb Code    26  stm32f0308_discovery.o(i.STM_EVAL_LEDToggle)
    SVC_Handler                              0x0800056d   Thumb Code     2  stm32f0xx_it.o(i.SVC_Handler)
    SysTick_Handler                          0x080005f9   Thumb Code    26  stm32f0xx_it.o(i.SysTick_Handler)
    SystemInit                               0x08000619   Thumb Code   110  system_stm32f0xx.o(i.SystemInit)
    TIM3_IRQHandler                          0x08000695   Thumb Code    98  stm32f0xx_it.o(i.TIM3_IRQHandler)
    TIM3_vlv_Config                          0x08000709   Thumb Code   176  valve.o(i.TIM3_vlv_Config)
    TIM_ClearITPendingBit                    0x080007d5   Thumb Code     6  stm32f0xx_tim.o(i.TIM_ClearITPendingBit)
    TIM_Cmd                                  0x080007dd   Thumb Code    24  stm32f0xx_tim.o(i.TIM_Cmd)
    TIM_ForcedOC1Config                      0x080007f9   Thumb Code    20  stm32f0xx_tim.o(i.TIM_ForcedOC1Config)
    TIM_GetCapture3                          0x08000811   Thumb Code     6  stm32f0xx_tim.o(i.TIM_GetCapture3)
    TIM_GetCapture4                          0x08000817   Thumb Code     6  stm32f0xx_tim.o(i.TIM_GetCapture4)
    TIM_GetITStatus                          0x0800081d   Thumb Code    38  stm32f0xx_tim.o(i.TIM_GetITStatus)
    TIM_OC1Init                              0x08000845   Thumb Code   122  stm32f0xx_tim.o(i.TIM_OC1Init)
    TIM_SetCompare3                          0x080008d9   Thumb Code     4  stm32f0xx_tim.o(i.TIM_SetCompare3)
    TIM_SetCompare4                          0x080008dd   Thumb Code     4  stm32f0xx_tim.o(i.TIM_SetCompare4)
    TIM_TimeBaseInit                         0x080008e1   Thumb Code    90  stm32f0xx_tim.o(i.TIM_TimeBaseInit)
    TimingDelay_Decrement                    0x0800095d   Thumb Code    20  main.o(i.TimingDelay_Decrement)
    USART_Cmd                                0x080009fd   Thumb Code    24  stm32f0xx_usart.o(i.USART_Cmd)
    USART_Init                               0x08000a15   Thumb Code   202  stm32f0xx_usart.o(i.USART_Init)
    __ARM_common_switch8                     0x08000aed   Thumb Code    28  mmr901xa_cmd.o(i.__ARM_common_switch8)
    __scatterload_copy                       0x08000b09   Thumb Code    14  handlers.o(i.__scatterload_copy)
    __scatterload_null                       0x08000b17   Thumb Code     2  handlers.o(i.__scatterload_null)
    __scatterload_zeroinit                   0x08000b19   Thumb Code    14  handlers.o(i.__scatterload_zeroinit)
    bpm_get_pulse_data                       0x08000b29   Thumb Code   726  bpm_main.o(i.bpm_get_pulse_data)
    bpm_initial                              0x08000e25   Thumb Code   162  bpm_main.o(i.bpm_initial)
    bpm_main                                 0x08000ee9   Thumb Code    34  bpm_main.o(i.bpm_main)
    bpm_measure                              0x08000f11   Thumb Code  1140  bpm_main.o(i.bpm_measure)
    cmd_exec_spi_protocol                    0x08001391   Thumb Code   148  mmr901xa_cmd.o(i.cmd_exec_spi_protocol)
    func_calc_checksum                       0x08001425   Thumb Code    54  mmr901xa_func.o(i.func_calc_checksum)
    func_calc_initialize                     0x0800145d   Thumb Code    20  mmr901xa_func.o(i.func_calc_initialize)
    func_calc_pressure                       0x08001479   Thumb Code    52  mmr901xa_func.o(i.func_calc_pressure)
    func_calc_sensitivity                    0x080014b1   Thumb Code    72  mmr901xa_func.o(i.func_calc_sensitivity)
    func_calc_temperature                    0x080014fd   Thumb Code   190  mmr901xa_func.o(i.func_calc_temperature)
    func_cnvert_eep_to_calib                 0x080015d1   Thumb Code    98  mmr901xa_func.o(i.func_cnvert_eep_to_calib)
    func_read_adc_data                       0x08001639   Thumb Code    44  mmr901xa_func.o(i.func_read_adc_data)
    func_read_calib_data                     0x08001669   Thumb Code    72  mmr901xa_func.o(i.func_read_calib_data)
    main                                     0x080016b1   Thumb Code   108  main.o(i.main)
    pump_initial                             0x0800173d   Thumb Code    18  pump.o(i.pump_initial)
    pump_off                                 0x08001755   Thumb Code    42  pump.o(i.pump_off)
    pump_on                                  0x08001785   Thumb Code    42  pump.o(i.pump_on)
    pump_task                                0x080017b5   Thumb Code    44  pump.o(i.pump_task)
    spi_cancel_cs                            0x080017e5   Thumb Code    28  mmr901xa_spi.o(i.spi_cancel_cs)
    spi_init_cs                              0x08001805   Thumb Code    28  mmr901xa_spi.o(i.spi_init_cs)
    spi_receive_data16                       0x08001825   Thumb Code    76  mmr901xa_spi.o(i.spi_receive_data16)
    spi_receive_data8                        0x08001875   Thumb Code    64  mmr901xa_spi.o(i.spi_receive_data8)
    spi_select_cs                            0x080018b9   Thumb Code    28  mmr901xa_spi.o(i.spi_select_cs)
    spi_send_data                            0x080018d9   Thumb Code    76  mmr901xa_spi.o(i.spi_send_data)
    spi_wait                                 0x08001929   Thumb Code     6  mmr901xa_spi.o(i.spi_wait)
    utl_change_state                         0x0800192f   Thumb Code    10  utl.o(i.utl_change_state)
    utl_memory_clr                           0x08001939   Thumb Code    54  utl.o(i.utl_memory_clr)
    utl_round32                              0x0800196f   Thumb Code    42  utl.o(i.utl_round32)
    valve_close                              0x08001999   Thumb Code    48  valve.o(i.valve_close)
    valve_initial                            0x080019d5   Thumb Code    24  valve.o(i.valve_initial)
    valve_leak                               0x080019f5   Thumb Code   148  valve.o(i.valve_leak)
    valve_open                               0x08001a99   Thumb Code    46  valve.o(i.valve_open)
    valve_task                               0x08001ad5   Thumb Code    54  valve.o(i.valve_task)
    GPIO_PIN                                 0x08001b10   Data           4  stm32f0308_discovery.o(.constdata)
    GPIO_CLK                                 0x08001b14   Data           8  stm32f0308_discovery.o(.constdata)
    BUTTON_PIN                               0x08001b1c   Data           2  stm32f0308_discovery.o(.constdata)
    BUTTON_CLK                               0x08001b20   Data           4  stm32f0308_discovery.o(.constdata)
    BUTTON_EXTI_LINE                         0x08001b24   Data           2  stm32f0308_discovery.o(.constdata)
    BUTTON_PORT_SOURCE                       0x08001b26   Data           2  stm32f0308_discovery.o(.constdata)
    BUTTON_PIN_SOURCE                        0x08001b28   Data           2  stm32f0308_discovery.o(.constdata)
    BUTTON_IRQn                              0x08001b2a   Data           2  stm32f0308_discovery.o(.constdata)
    Region$$Table$$Base                      0x08001b2c   Number         0  anon$$obj.o(Region$$Table)
    Region$$Table$$Limit                     0x08001b4c   Number         0  anon$$obj.o(Region$$Table)
    GPIO_PORT                                0x20000000   Data           8  stm32f0308_discovery.o(.data)
    BUTTON_PORT                              0x20000008   Data           4  stm32f0308_discovery.o(.data)
    GPIOb_InitStructure                      0x2000001c   Data           8  main.o(.data)
    CCR3_Val                                 0x20000028   Data           2  main.o(.data)
    CCR4_Val                                 0x2000002a   Data           2  main.o(.data)
    PrescalerValue                           0x2000002c   Data           2  main.o(.data)
    capture                                  0x2000002e   Data           2  stm32f0xx_it.o(.data)
    SystemCoreClock                          0x20000030   Data           4  system_stm32f0xx.o(.data)
    AHBPrescTable                            0x20000034   Data          16  system_stm32f0xx.o(.data)
    bpm_disp_tx10                            0x20000044   Data           2  bpm_main.o(.data)
    bpm_calc                                 0x20000048   Data           8  bpm_main.o(.data)
    bpm_manage                               0x20000050   Data           8  bpm_main.o(.data)
    bpm_currentTime                          0x20000058   Data           5  bpm_main.o(.data)
    bpm_measuringTime                        0x2000005d   Data           5  bpm_main.o(.data)
    bpm_valve_duty_rate                      0x20000062   Data           2  bpm_main.o(.data)
    bpm_ctrl                                 0x20000064   Data           4  bpm_main.o(.data)
    bpm_pulse_status                         0x20000068   Data           1  bpm_main.o(.data)
    bpm_status                               0x20000069   Data           1  bpm_main.o(.data)
    YY1                                      0x2000006c   Data           4  bpm_main.o(.data)
    YY2                                      0x20000070   Data           4  bpm_main.o(.data)
    YY3                                      0x20000074   Data           4  bpm_main.o(.data)
    yy1                                      0x20000078   Data           4  bpm_main.o(.data)
    yy2                                      0x2000007c   Data           4  bpm_main.o(.data)
    yy3                                      0x20000080   Data           4  bpm_main.o(.data)
    func_calib_data                          0x20000084   Data           8  mmr901xa_func.o(.data)
    func_coeff                               0x2000008c   Data           8  mmr901xa_func.o(.data)
    pmp_ctrl                                 0x20000094   Data           4  pump.o(.data)
    pmp_manage                               0x20000098   Data           4  pump.o(.data)
    vlv_ctrl                                 0x2000009c   Data           4  valve.o(.data)
    vlv_manage                               0x200000a0   Data           6  valve.o(.data)
    Timer3Period                             0x200000a6   Data           2  valve.o(.data)
    Timer3Channel1Pulse                      0x200000a8   Data           2  valve.o(.data)
    bpm_bpm_para                             0x200000ac   Data         178  bpm_main.o(.bss)
    bpm_prt_para                             0x2000015e   Data          41  bpm_main.o(.bss)
    bpm_bva_para                             0x20000188   Data         528  bpm_main.o(.bss)
    TIM3_TimeBaseStructure                   0x20000398   Data          12  valve.o(.bss)
    TIM3_OCInitStructure                     0x200003a4   Data          20  valve.o(.bss)
    __initial_sp                             0x200007b8   Data           0  startup_stm32f030x8.o(STACK)



==============================================================================

Memory Map of the image

  Image Entry point : 0x080000c1

  Load Region LR_IROM1 (Base: 0x08000000, Size: 0x00001bf8, Max: 0x00020000, ABSOLUTE)

    Execution Region ER_IROM1 (Base: 0x08000000, Size: 0x00001b4c, Max: 0x00020000, ABSOLUTE)

    Base Addr    Size         Type   Attr      Idx    E Section Name        Object

    0x08000000   0x000000c0   Data   RO            3    RESET               startup_stm32f030x8.o
    0x080000c0   0x00000000   Code   RO         2173  * .ARM.Collect$$$$00000000  mc_p.l(entry.o)
    0x080000c0   0x00000004   Code   RO         2180    .ARM.Collect$$$$00000001  mc_p.l(entry2.o)
    0x080000c4   0x00000004   Code   RO         2183    .ARM.Collect$$$$00000004  mc_p.l(entry5.o)
    0x080000c8   0x00000000   Code   RO         2185    .ARM.Collect$$$$00000008  mc_p.l(entry7b.o)
    0x080000c8   0x00000000   Code   RO         2187    .ARM.Collect$$$$0000000A  mc_p.l(entry8b.o)
    0x080000c8   0x00000008   Code   RO         2188    .ARM.Collect$$$$0000000B  mc_p.l(entry9a.o)
    0x080000d0   0x00000000   Code   RO         2190    .ARM.Collect$$$$0000000D  mc_p.l(entry10a.o)
    0x080000d0   0x00000000   Code   RO         2192    .ARM.Collect$$$$0000000F  mc_p.l(entry11a.o)
    0x080000d0   0x00000004   Code   RO         2181    .ARM.Collect$$$$00002712  mc_p.l(entry2.o)
    0x080000d4   0x0000001c   Code   RO            4    .text               startup_stm32f030x8.o
    0x080000f0   0x0000002c   Code   RO         2176    .text               mc_p.l(uidiv.o)
    0x0800011c   0x00000028   Code   RO         2178    .text               mc_p.l(idiv.o)
    0x08000144   0x00000024   Code   RO         2194    .text               mc_p.l(init.o)
    0x08000168   0x00000074   Code   RO         1611    i.GPIO_INT          main.o
    0x080001dc   0x00000090   Code   RO          156    i.GPIO_Init         stm32f0xx_gpio.o
    0x0800026c   0x00000044   Code   RO          157    i.GPIO_PinAFConfig  stm32f0xx_gpio.o
    0x080002b0   0x00000014   Code   RO          160    i.GPIO_ReadInputDataBit  stm32f0xx_gpio.o
    0x080002c4   0x00000004   Code   RO          163    i.GPIO_ResetBits    stm32f0xx_gpio.o
    0x080002c8   0x00000004   Code   RO          164    i.GPIO_SetBits      stm32f0xx_gpio.o
    0x080002cc   0x0000002c   Code   RO         2068    i.GPIO_pump_INT     pump.o
    0x080002f8   0x00000004   Code   RO         1706    i.HardFault_Handler  stm32f0xx_it.o
    0x080002fc   0x00000002   Code   RO         1707    i.NMI_Handler       stm32f0xx_it.o
    0x080002fe   0x00000002   PAD
    0x08000300   0x00000078   Code   RO         1612    i.NVIC_SetPriority  main.o
    0x08000378   0x00000002   Code   RO         1708    i.PendSV_Handler    stm32f0xx_it.o
    0x0800037a   0x00000002   PAD
    0x0800037c   0x00000020   Code   RO          349    i.RCC_AHBPeriphClockCmd  stm32f0xx_rcc.o
    0x0800039c   0x00000020   Code   RO          351    i.RCC_APB1PeriphClockCmd  stm32f0xx_rcc.o
    0x080003bc   0x00000020   Code   RO          353    i.RCC_APB2PeriphClockCmd  stm32f0xx_rcc.o
    0x080003dc   0x0000016c   Code   RO          363    i.RCC_GetClocksFreq  stm32f0xx_rcc.o
    0x08000548   0x00000024   Code   RO           15    i.STM_EVAL_LEDToggle  stm32f0308_discovery.o
    0x0800056c   0x00000002   Code   RO         1709    i.SVC_Handler       stm32f0xx_it.o
    0x0800056e   0x00000002   PAD
    0x08000570   0x00000088   Code   RO         1763    i.SetSysClock       system_stm32f0xx.o
    0x080005f8   0x00000020   Code   RO         1710    i.SysTick_Handler   stm32f0xx_it.o
    0x08000618   0x0000007c   Code   RO         1765    i.SystemInit        system_stm32f0xx.o
    0x08000694   0x00000074   Code   RO         1711    i.TIM3_IRQHandler   stm32f0xx_it.o
    0x08000708   0x000000cc   Code   RO         2118    i.TIM3_vlv_Config   valve.o
    0x080007d4   0x00000006   Code   RO          739    i.TIM_ClearITPendingBit  stm32f0xx_tim.o
    0x080007da   0x00000002   PAD
    0x080007dc   0x0000001c   Code   RO          744    i.TIM_Cmd           stm32f0xx_tim.o
    0x080007f8   0x00000018   Code   RO          754    i.TIM_ForcedOC1Config  stm32f0xx_tim.o
    0x08000810   0x00000006   Code   RO          761    i.TIM_GetCapture3   stm32f0xx_tim.o
    0x08000816   0x00000006   Code   RO          762    i.TIM_GetCapture4   stm32f0xx_tim.o
    0x0800081c   0x00000026   Code   RO          765    i.TIM_GetITStatus   stm32f0xx_tim.o
    0x08000842   0x00000002   PAD
    0x08000844   0x00000094   Code   RO          773    i.TIM_OC1Init       stm32f0xx_tim.o
    0x080008d8   0x00000004   Code   RO          809    i.TIM_SetCompare3   stm32f0xx_tim.o
    0x080008dc   0x00000004   Code   RO          810    i.TIM_SetCompare4   stm32f0xx_tim.o
    0x080008e0   0x0000007c   Code   RO          817    i.TIM_TimeBaseInit  stm32f0xx_tim.o
    0x0800095c   0x00000018   Code   RO         1614    i.TimingDelay_Decrement  main.o
    0x08000974   0x00000088   Code   RO         1615    i.USART1_Config     main.o
    0x080009fc   0x00000018   Code   RO         1306    i.USART_Cmd         stm32f0xx_usart.o
    0x08000a14   0x000000d8   Code   RO         1318    i.USART_Init        stm32f0xx_usart.o
    0x08000aec   0x0000001c   Code   RO         1815    i.__ARM_common_switch8  mmr901xa_cmd.o
    0x08000b08   0x0000000e   Code   RO         2198    i.__scatterload_copy  mc_p.l(handlers.o)
    0x08000b16   0x00000002   Code   RO         2199    i.__scatterload_null  mc_p.l(handlers.o)
    0x08000b18   0x0000000e   Code   RO         2200    i.__scatterload_zeroinit  mc_p.l(handlers.o)
    0x08000b26   0x00000002   PAD
    0x08000b28   0x000002fc   Code   RO         1891    i.bpm_get_pulse_data  bpm_main.o
    0x08000e24   0x000000c4   Code   RO         1892    i.bpm_initial       bpm_main.o
    0x08000ee8   0x00000028   Code   RO         1893    i.bpm_main          bpm_main.o
    0x08000f10   0x00000480   Code   RO         1894    i.bpm_measure       bpm_main.o
    0x08001390   0x00000094   Code   RO         1800    i.cmd_exec_spi_protocol  mmr901xa_cmd.o
    0x08001424   0x00000036   Code   RO         2000    i.func_calc_checksum  mmr901xa_func.o
    0x0800145a   0x00000002   PAD
    0x0800145c   0x0000001c   Code   RO         2001    i.func_calc_initialize  mmr901xa_func.o
    0x08001478   0x00000038   Code   RO         2002    i.func_calc_pressure  mmr901xa_func.o
    0x080014b0   0x0000004c   Code   RO         2003    i.func_calc_sensitivity  mmr901xa_func.o
    0x080014fc   0x000000d4   Code   RO         2004    i.func_calc_temperature  mmr901xa_func.o
    0x080015d0   0x00000068   Code   RO         2005    i.func_cnvert_eep_to_calib  mmr901xa_func.o
    0x08001638   0x00000030   Code   RO         2006    i.func_read_adc_data  mmr901xa_func.o
    0x08001668   0x00000048   Code   RO         2007    i.func_read_calib_data  mmr901xa_func.o
    0x080016b0   0x0000008c   Code   RO         1616    i.main              main.o
    0x0800173c   0x00000018   Code   RO         2069    i.pump_initial      pump.o
    0x08001754   0x00000030   Code   RO         2070    i.pump_off          pump.o
    0x08001784   0x00000030   Code   RO         2071    i.pump_on           pump.o
    0x080017b4   0x00000030   Code   RO         2072    i.pump_task         pump.o
    0x080017e4   0x00000020   Code   RO         1825    i.spi_cancel_cs     mmr901xa_spi.o
    0x08001804   0x00000020   Code   RO         1827    i.spi_init_cs       mmr901xa_spi.o
    0x08001824   0x00000050   Code   RO         1828    i.spi_receive_data16  mmr901xa_spi.o
    0x08001874   0x00000044   Code   RO         1829    i.spi_receive_data8  mmr901xa_spi.o
    0x080018b8   0x00000020   Code   RO         1830    i.spi_select_cs     mmr901xa_spi.o
    0x080018d8   0x00000050   Code   RO         1831    i.spi_send_data     mmr901xa_spi.o
    0x08001928   0x00000006   Code   RO         1832    i.spi_wait          mmr901xa_spi.o
    0x0800192e   0x0000000a   Code   RO         1943    i.utl_change_state  utl.o
    0x08001938   0x00000036   Code   RO         1946    i.utl_memory_clr    utl.o
    0x0800196e   0x0000002a   Code   RO         1947    i.utl_round32       utl.o
    0x08001998   0x0000003c   Code   RO         2119    i.valve_close       valve.o
    0x080019d4   0x00000020   Code   RO         2120    i.valve_initial     valve.o
    0x080019f4   0x000000a4   Code   RO         2121    i.valve_leak        valve.o
    0x08001a98   0x0000003c   Code   RO         2122    i.valve_open        valve.o
    0x08001ad4   0x0000003c   Code   RO         2123    i.valve_task        valve.o
    0x08001b10   0x0000001c   Data   RO           18    .constdata          stm32f0308_discovery.o
    0x08001b2c   0x00000020   Data   RO         2196    Region$$Table       anon$$obj.o


    Execution Region RW_IRAM1 (Base: 0x20000000, Size: 0x000007b8, Max: 0x00003000, ABSOLUTE)

    Base Addr    Size         Type   Attr      Idx    E Section Name        Object

    0x20000000   0x0000000c   Data   RW           19    .data               stm32f0308_discovery.o
    0x2000000c   0x00000010   Data   RW          387    .data               stm32f0xx_rcc.o
    0x2000001c   0x00000012   Data   RW         1617    .data               main.o
    0x2000002e   0x00000002   Data   RW         1712    .data               stm32f0xx_it.o
    0x20000030   0x00000014   Data   RW         1766    .data               system_stm32f0xx.o
    0x20000044   0x00000040   Data   RW         1896    .data               bpm_main.o
    0x20000084   0x00000010   Data   RW         2008    .data               mmr901xa_func.o
    0x20000094   0x00000008   Data   RW         2073    .data               pump.o
    0x2000009c   0x0000000e   Data   RW         2125    .data               valve.o
    0x200000aa   0x00000002   PAD
    0x200000ac   0x000002ec   Zero   RW         1895    .bss                bpm_main.o
    0x20000398   0x00000020   Zero   RW         2124    .bss                valve.o
    0x200003b8   0x00000400   Zero   RW            1    STACK               startup_stm32f030x8.o


==============================================================================

Image component sizes


      Code (inc. data)   RO Data    RW Data    ZI Data      Debug   Object Name

      2152        176          0         64        748       7598   bpm_main.o
       536         66          0         18          0      11085   main.o
       176         12          0          0          0        768   mmr901xa_cmd.o
       650         48          0         16          0       6861   mmr901xa_func.o
       330         24          0          0          0       3662   mmr901xa_spi.o
       212         22          0          8          0       3254   pump.o
        28          8        192          0       1024        800   startup_stm32f030x8.o
        36         10         28         12          0     126355   stm32f0308_discovery.o
       240          0          0          0          0      18911   stm32f0xx_gpio.o
       158         24          0          2          0       2959   stm32f0xx_it.o
       460         36          0         16          0      14386   stm32f0xx_rcc.o
       388         68          0          0          0      27383   stm32f0xx_tim.o
       240         14          0          0          0      11837   stm32f0xx_usart.o
       260         24          0         20          0       1733   system_stm32f0xx.o
       106          0          0          0          0       2006   utl.o
       580         84          0         14         32       4134   valve.o

    ----------------------------------------------------------------------
      6564        616        252        172       1804     243732   Object Totals
         0          0         32          0          0          0   (incl. Generated)
        12          0          0          2          0          0   (incl. Padding)

    ----------------------------------------------------------------------

      Code (inc. data)   RO Data    RW Data    ZI Data      Debug   Library Member Name

         0          0          0          0          0          0   entry.o
         0          0          0          0          0          0   entry10a.o
         0          0          0          0          0          0   entry11a.o
         8          4          0          0          0          0   entry2.o
         4          0          0          0          0          0   entry5.o
         0          0          0          0          0          0   entry7b.o
         0          0          0          0          0          0   entry8b.o
         8          4          0          0          0          0   entry9a.o
        30          0          0          0          0          0   handlers.o
        40          0          0          0          0         72   idiv.o
        36          8          0          0          0         68   init.o
        44          0          0          0          0         72   uidiv.o

    ----------------------------------------------------------------------
       172         16          0          0          0        212   Library Totals
         2          0          0          0          0          0   (incl. Padding)

    ----------------------------------------------------------------------

      Code (inc. data)   RO Data    RW Data    ZI Data      Debug   Library Name

       170         16          0          0          0        212   mc_p.l

    ----------------------------------------------------------------------
       172         16          0          0          0        212   Library Totals

    ----------------------------------------------------------------------

==============================================================================


      Code (inc. data)   RO Data    RW Data    ZI Data      Debug   

      6736        632        252        172       1804     241148   Grand Totals
      6736        632        252        172       1804     241148   ELF Image Totals
      6736        632        252        172          0          0   ROM Totals

==============================================================================

    Total RO  Size (Code + RO Data)                 6988 (   6.82kB)
    Total RW  Size (RW Data + ZI Data)              1976 (   1.93kB)
    Total ROM Size (Code + RO Data + RW Data)       7160 (   6.99kB)

==============================================================================

