<html>
<body>
<pre>
<h1>µVision Build Log</h1>
<h2>Project:</h2>
F:\Function\STM32F0308-Discovery_FW_V1.0.1\Projects\Peripheral_Examples\Systick\MDK-ARM\SysTick.uvproj
Project File Date:  06/11/2014

<h2>Output:</h2>
Rebuild target 'SysTick'
assembling startup_stm32f030x8.s...
compiling stm32f0308_discovery.c...
compiling stm32f0xx_gpio.c...
compiling stm32f0xx_misc.c...
compiling stm32f0xx_rcc.c...
compiling stm32f0xx_exti.c...
compiling stm32f0xx_syscfg.c...
compiling main.c...
compiling stm32f0xx_it.c...
compiling system_stm32f0xx.c...
linking...
Program Size: Code=776 RO-data=252 RW-data=36 ZI-data=1028  
".\SysTick\SysTick.axf" - 0 Error(s), 0 Warning(s).
Load "F:\\Function\\STM32F0308-Discovery_FW_V1.0.1\\Projects\\Peripheral_Examples\\Systick\\MDK-ARM\\SysTick\\SysTick.axf" 
Full Chip Erase Done.
Programming Done.
Verify OK.
</pre>
</body>
</html>
