<html>
<body>
<pre>
<h1>µVision Build Log</h1>
<h2>Project:</h2>
F:\Function\STM32F0308-Discovery_FW_V1.0.1\Projects\Peripheral_Examples\TIM_TimeBase\MDK-ARM\TIM_TimeBase.uvproj
Project File Date:  06/16/2014

<h2>Output:</h2>
Rebuild target 'TIM_TimeBase'
assembling startup_stm32f030x8.s...
compiling stm32f0308_discovery.c...
compiling stm32f0xx_gpio.c...
compiling stm32f0xx_misc.c...
compiling stm32f0xx_rcc.c...
compiling stm32f0xx_tim.c...
compiling stm32f0xx_exti.c...
compiling stm32f0xx_syscfg.c...
compiling main.c...
compiling stm32f0xx_it.c...
compiling system_stm32f0xx.c...
linking...
Program Size: Code=1508 RO-data=252 RW-data=40 ZI-data=1024  
".\TIM_TimeBase\TIM_TimeBase.axf" - 0 Error(s), 0 Warning(s).
</pre>
</body>
</html>
